Microchip MPLAB XC8 Compiler V2.00 ()

Linker command line:

-W-3 --edf=/opt/microchip/xc8/v2.00/pic/dat/en_msgs.txt -cs \
  -h+dist/default/production/EEPROM.X.production.sym \
  --cmf=dist/default/production/EEPROM.X.production.cmf -z -Q18F26K22 \
  -o/tmp/xcXWktb9p --defsym=__MPLAB_BUILD=1 \
  -Mdist/default/production/EEPROM.X.production.map -E1 -ver=XC8 \
  --acfsm=1493 -ASTACK=060h-0f37h -pstack=STACK -ACODE=00h-0FFFFh \
  -ACONST=00h-0FFFFh -ASMALLCONST=01000h-010FFhx240 \
  -AMEDIUMCONST=01000h-0FFFFh -ACOMRAM=01h-05Fh -AABS1=00h-0F37h \
  -ABIGRAM=01h-0F37h -ARAM=060h-0FFh,0100h-01FFhx14,0F00h-0F37h \
  -ABANK0=060h-0FFh -ABANK1=0100h-01FFh -ABANK2=0200h-02FFh \
  -ABANK3=0300h-03FFh -ABANK4=0400h-04FFh -ABANK5=0500h-05FFh \
  -ABANK6=0600h-06FFh -ABANK7=0700h-07FFh -ABANK8=0800h-08FFh \
  -ABANK9=0900h-09FFh -ABANK10=0A00h-0AFFh -ABANK11=0B00h-0BFFh \
  -ABANK12=0C00h-0CFFh -ABANK13=0D00h-0DFFh -ABANK14=0E00h-0EFFh \
  -ABANK15=0F00h-0F37h -ASFR=0F38h-0F5Fh,0F60h-0FFFh \
  -preset_vec=00h,intcode,intcodelo,powerup,init -pramtop=01000h \
  -psmallconst=SMALLCONST -pmediumconst=MEDIUMCONST -pconst=CONST \
  -AFARRAM=00h-00h -ACONFIG=0300000h-030000Dh -pconfig=CONFIG \
  -AIDLOC=0200000h-0200007h -pidloc=IDLOC -AEEDATA=0F00000h-0F003FFh \
  -peeprom_data=EEDATA \
  -prdata=COMRAM,nvrram=COMRAM,nvbit=COMRAM,rbss=COMRAM,rbit=COMRAM \
  -pfarbss=FARRAM,fardata=FARRAM,nvFARRAM=FARRAM \
  -pintsave_regs=BIGRAM,bigbss=BIGRAM,bigdata=BIGRAM -pbss=RAM \
  -pidata=CODE,irdata=CODE,ibigdata=CODE,ifardata=CODE -prparam=COMRAM \
  /tmp/xcXuxoBCv.o dist/default/production/EEPROM.X.production.o 

Object code version is 3.11

Machine type is 18F26K22

Call graph: (short form)




                Name                               Link     Load   Length Selector   Space Scale
/tmp/xcXuxoBCv.o
                init                                  0        0        4        0       0
                idloc                            200000   200000        8   200000       0
                config                           300000   300000        E   300000       0
dist/default/production/EEPROM.X.production.o
                smallconst                         1000     1000       32      800       0
                text19                             13DC     13DC       36      819       0
                text18                             1536     1536       1E      819       0
                text17                             1032     1032       EC      819       0
                text16                             111E     111E       D8      819       0
                text15                             1332     1332       72      819       0
                text14                             12BE     12BE       74      819       0
                text13                             13A4     13A4       38      819       0
                text12                             14DA     14DA       20      819       0
                text11                             1496     1496       24      819       0
                text10                             158A     158A        C      819       0
                text9                              1554     1554       1C      819       0
                text8                              157E     157E        C      819       0
                text7                              1596     1596        A      819       0
                text6                              1518     1518       1E      819       0
                text5                              146A     146A       2C      819       0
                text4                              14BA     14BA       20      819       0
                text3                              143E     143E       2C      819       0
                text2                              14FA     14FA       1E      819       0
                text1                              1412     1412       2C      819       0
                text0                              11F6     11F6       C8      819       0
                cstackCOMRAM                          1        1       18        1       1
                cinit                              1570     1570        E      819       0

TOTAL           Name                               Link     Load   Length     Space
        CLASS   STACK          

        CLASS   CODE           
                init                                  0        0        4         0
                text19                             13DC     13DC       36         0
                text18                             1536     1536       1E         0
                text17                             1032     1032       EC         0
                text16                             111E     111E       D8         0
                text15                             1332     1332       72         0
                text14                             12BE     12BE       74         0
                text13                             13A4     13A4       38         0
                text12                             14DA     14DA       20         0
                text11                             1496     1496       24         0
                text10                             158A     158A        C         0
                text9                              1554     1554       1C         0
                text8                              157E     157E        C         0
                text7                              1596     1596        A         0
                text6                              1518     1518       1E         0
                text5                              146A     146A       2C         0
                text4                              14BA     14BA       20         0
                text3                              143E     143E       2C         0
                text2                              14FA     14FA       1E         0
                text1                              1412     1412       2C         0
                text0                              11F6     11F6       C8         0
                cinit                              1570     1570        E         0

        CLASS   CONST          

        CLASS   SMALLCONST     
                smallconst                         1000     1000       32         0

        CLASS   MEDIUMCONST    

        CLASS   COMRAM         
                cstackCOMRAM                          1        1       18         1

        CLASS   ABS1           

        CLASS   BIGRAM         

        CLASS   RAM            

        CLASS   BANK0          

        CLASS   BANK1          

        CLASS   BANK2          

        CLASS   BANK3          

        CLASS   BANK4          

        CLASS   BANK5          

        CLASS   BANK6          

        CLASS   BANK7          

        CLASS   BANK8          

        CLASS   BANK9          

        CLASS   BANK10         

        CLASS   BANK11         

        CLASS   BANK12         

        CLASS   BANK13         

        CLASS   BANK14         

        CLASS   BANK15         

        CLASS   SFR            

        CLASS   FARRAM         

        CLASS   CONFIG         
                config                           300000   300000        E         0

        CLASS   IDLOC          
                idloc                            200000   200000        8         0

        CLASS   EEDATA         



SEGMENTS        Name                           Load    Length   Top    Selector   Space  Class

                reset_vec                      000000  000004  000004         0       0  CODE    
                cstackCOMRAM                   000001  000018  000019         1       1  COMRAM  
                smallconst                     001000  000032  001032       800       0  SMALLCON
                text17                         001032  00056E  0015A0       819       0  CODE    
                idloc                          200000  000008  200008    200000       0  IDLOC   
                config                         300000  00000E  30000E    300000       0  CONFIG  


UNUSED ADDRESS RANGES

        Name                Unused          Largest block    Delta
        BANK0            000060-0000FF               A0
        BANK1            000100-0001FF              100
        BANK10           000A00-000AFF              100
        BANK11           000B00-000BFF              100
        BANK12           000C00-000CFF              100
        BANK13           000D00-000DFF              100
        BANK14           000E00-000EFF              100
        BANK15           000F00-000F37               38
        BANK2            000200-0002FF              100
        BANK3            000300-0003FF              100
        BANK4            000400-0004FF              100
        BANK5            000500-0005FF              100
        BANK6            000600-0006FF              100
        BANK7            000700-0007FF              100
        BANK8            000800-0008FF              100
        BANK9            000900-0009FF              100
        BIGRAM           000019-000F37              F1F
        CODE             000004-000FFF              FFC
                         0015A0-00FFFF             EA60
        COMRAM           000019-00005F               47
        CONST            000004-000FFF              FFC
                         0015A0-00FFFF             EA60
        EEDATA           F00000-F003FF              400
        MEDIUMCONST      0015A0-00FFFF             EA60
        RAM              000060-000F37              100
        SFR              000F38-000FFF               28
        SMALLCONST       0015A0-00FFFF              100
        STACK            000060-000F37              ED8

                                  Symbol Table

?___awdiv                  cstackCOMRAM 000007
?___awmod                  cstackCOMRAM 000001
UARTInit@baudRate          cstackCOMRAM 000001
UARTWriteByte@data         cstackCOMRAM 000001
UARTWriteByteDec@data      cstackCOMRAM 00000F
UARTWriteStrLn@i           cstackCOMRAM 000006
UARTWriteStrLn@string      cstackCOMRAM 000002
_ANSELCbits                (abs)        000F3A
_BAUDCON1bits              (abs)        000FB8
_PEIE                      (abs)        007F96
_PIE1bits                  (abs)        000F9D
_PIR1bits                  (abs)        000F9E
_PIR2bits                  (abs)        000FA1
_RCIE                      (abs)        007CED
_RCIF                      (abs)        007CF5
_RCREG1                    (abs)        000FAE
_RCSTA1                    (abs)        000FAB
_RCSTA1bits                (abs)        000FAB
_SPBRG1                    (abs)        000FAF
_SPBRGH1                   (abs)        000FB0
_SSP1ADD                   (abs)        000FC8
_SSP1BUF                   (abs)        000FC9
_SSP1CON1                  (abs)        000FC6
_SSP1CON2                  (abs)        000FC5
_SSP1CON2bits              (abs)        000FC5
_SSP1CON3bits              (abs)        000FCB
_SSP1STATbits              (abs)        000FC7
_TRISCbits                 (abs)        000F94
_TXREG1                    (abs)        000FAD
_TXSTA1                    (abs)        000FAC
_TXSTA1bits                (abs)        000FAC
_UARTInit                  text19       0013DC
_UARTWriteByte             text18       001536
_UARTWriteByteDec          text15       001332
_UARTWriteStrLn            text14       0012BE
__CFG_BOREN$SBORDIS        (abs)        000000
__CFG_BORV$190             (abs)        000000
__CFG_CCP2MX$PORTC1        (abs)        000000
__CFG_CCP3MX$PORTB5        (abs)        000000
__CFG_CP0$OFF              (abs)        000000
__CFG_CP1$OFF              (abs)        000000
__CFG_CP2$OFF              (abs)        000000
__CFG_CP3$OFF              (abs)        000000
__CFG_CPB$OFF              (abs)        000000
__CFG_CPD$OFF              (abs)        000000
__CFG_EBTR0$OFF            (abs)        000000
__CFG_EBTR1$OFF            (abs)        000000
__CFG_EBTR2$OFF            (abs)        000000
__CFG_EBTR3$OFF            (abs)        000000
__CFG_EBTRB$OFF            (abs)        000000
__CFG_FCMEN$OFF            (abs)        000000
__CFG_FOSC$INTIO7          (abs)        000000
__CFG_HFOFST$ON            (abs)        000000
__CFG_IESO$OFF             (abs)        000000
__CFG_LVP$OFF              (abs)        000000
__CFG_MCLRE$EXTMCLR        (abs)        000000
__CFG_P2BMX$PORTB5         (abs)        000000
__CFG_PBADEN$OFF           (abs)        000000
__CFG_PLLCFG$OFF           (abs)        000000
__CFG_PRICLKEN$ON          (abs)        000000
__CFG_PWRTEN$OFF           (abs)        000000
__CFG_STVREN$ON            (abs)        000000
__CFG_T3CMX$PORTC0         (abs)        000000
__CFG_WDTEN$OFF            (abs)        000000
__CFG_WDTPS$32768          (abs)        000000
__CFG_WRT0$OFF             (abs)        000000
__CFG_WRT1$OFF             (abs)        000000
__CFG_WRT2$OFF             (abs)        000000
__CFG_WRT3$OFF             (abs)        000000
__CFG_WRTB$OFF             (abs)        000000
__CFG_WRTC$OFF             (abs)        000000
__CFG_WRTD$OFF             (abs)        000000
__CFG_XINST$OFF            (abs)        000000
__HRAM                     (abs)        000000
__Habs1                    abs1         000000
__Hbank0                   bank0        000000
__Hbank1                   bank1        000000
__Hbank10                  bank10       000000
__Hbank11                  bank11       000000
__Hbank12                  bank12       000000
__Hbank13                  bank13       000000
__Hbank14                  bank14       000000
__Hbank15                  bank15       000000
__Hbank2                   bank2        000000
__Hbank3                   bank3        000000
__Hbank4                   bank4        000000
__Hbank5                   bank5        000000
__Hbank6                   bank6        000000
__Hbank7                   bank7        000000
__Hbank8                   bank8        000000
__Hbank9                   bank9        000000
__Hbigbss                  bigbss       000000
__Hbigdata                 bigdata      000000
__Hbigram                  bigram       000000
__Hbss                     bss          000000
__Hcinit                   cinit        000000
__Hclrtext                 clrtext      000000
__Hcomram                  comram       000000
__Hconfig                  config       30000E
__Hconst                   const        000000
__HcstackCOMRAM            cstackCOMRAM 000000
__Hdata                    data         000000
__Heeprom_data             eeprom_data  000000
__Hfarbss                  farbss       000000
__Hfardata                 fardata      000000
__Hibigdata                ibigdata     000000
__Hidata                   idata        000000
__Hidloc                   idloc        200008
__Hifardata                ifardata     000000
__Hinit                    init         000004
__Hintcode                 intcode      000000
__Hintcode_body            intcode_body 000000
__Hintcodelo               intcodelo    000000
__Hintentry                intentry     000000
__Hintret                  intret       000000
__Hintsave_regs            intsave_regs 000000
__Hirdata                  irdata       000000
__Hmediumconst             mediumconst  000000
__HnvFARRAM                nvFARRAM     000000
__Hnvbit                   nvbit        000000
__Hnvrram                  nvrram       000000
__Hparam                   rparam       000000
__Hpowerup                 powerup      000000
__Hram                     ram          000000
__Hramtop                  ramtop       001000
__Hrbit                    rbit         000000
__Hrbss                    rbss         000000
__Hrdata                   rdata        000000
__Hreset_vec               reset_vec    000000
__Hrparam                  rparam       000000
__Hsfr                     sfr          000000
__Hsmallconst              smallconst   001032
__Hspace_0                 (abs)        30000E
__Hspace_1                 (abs)        000019
__Hspace_2                 (abs)        000000
__Hstack                   stack        000000
__Hstruct                  struct       000000
__Htemp                    temp         000000
__Htext                    text         000000
__Htext0                   text0        000000
__Htext1                   text1        000000
__Htext10                  text10       000000
__Htext11                  text11       000000
__Htext12                  text12       000000
__Htext13                  text13       000000
__Htext14                  text14       000000
__Htext15                  text15       000000
__Htext16                  text16       000000
__Htext17                  text17       000000
__Htext18                  text18       000000
__Htext19                  text19       000000
__Htext2                   text2        000000
__Htext3                   text3        000000
__Htext4                   text4        000000
__Htext5                   text5        000000
__Htext6                   text6        000000
__Htext7                   text7        000000
__Htext8                   text8        000000
__Htext9                   text9        000000
__LRAM                     (abs)        000001
__Labs1                    abs1         000000
__Lbank0                   bank0        000000
__Lbank1                   bank1        000000
__Lbank10                  bank10       000000
__Lbank11                  bank11       000000
__Lbank12                  bank12       000000
__Lbank13                  bank13       000000
__Lbank14                  bank14       000000
__Lbank15                  bank15       000000
__Lbank2                   bank2        000000
__Lbank3                   bank3        000000
__Lbank4                   bank4        000000
__Lbank5                   bank5        000000
__Lbank6                   bank6        000000
__Lbank7                   bank7        000000
__Lbank8                   bank8        000000
__Lbank9                   bank9        000000
__Lbigbss                  bigbss       000000
__Lbigdata                 bigdata      000000
__Lbigram                  bigram       000000
__Lbss                     bss          000000
__Lcinit                   cinit        000000
__Lclrtext                 clrtext      000000
__Lcomram                  comram       000000
__Lconfig                  config       300000
__Lconst                   const        000000
__LcstackCOMRAM            cstackCOMRAM 000000
__Ldata                    data         000000
__Leeprom_data             eeprom_data  000000
__Lfarbss                  farbss       000000
__Lfardata                 fardata      000000
__Libigdata                ibigdata     000000
__Lidata                   idata        000000
__Lidloc                   idloc        200000
__Lifardata                ifardata     000000
__Linit                    init         000000
__Lintcode                 intcode      000000
__Lintcode_body            intcode_body 000000
__Lintcodelo               intcodelo    000000
__Lintentry                intentry     000000
__Lintret                  intret       000000
__Lintsave_regs            intsave_regs 000000
__Lirdata                  irdata       000000
__Lmediumconst             mediumconst  000000
__LnvFARRAM                nvFARRAM     000000
__Lnvbit                   nvbit        000000
__Lnvrram                  nvrram       000000
__Lparam                   rparam       000000
__Lpowerup                 powerup      000000
__Lram                     ram          000000
__Lramtop                  ramtop       001000
__Lrbit                    rbit         000000
__Lrbss                    rbss         000000
__Lrdata                   rdata        000000
__Lreset_vec               reset_vec    000000
__Lrparam                  rparam       000000
__Lsfr                     sfr          000000
__Lsmallconst              smallconst   001000
__Lspace_0                 (abs)        000000
__Lspace_1                 (abs)        000000
__Lspace_2                 (abs)        000000
__Lstack                   stack        000000
__Lstruct                  struct       000000
__Ltemp                    temp         000000
__Ltext                    text         000000
__Ltext0                   text0        000000
__Ltext1                   text1        000000
__Ltext10                  text10       000000
__Ltext11                  text11       000000
__Ltext12                  text12       000000
__Ltext13                  text13       000000
__Ltext14                  text14       000000
__Ltext15                  text15       000000
__Ltext16                  text16       000000
__Ltext17                  text17       000000
__Ltext18                  text18       000000
__Ltext19                  text19       000000
__Ltext2                   text2        000000
__Ltext3                   text3        000000
__Ltext4                   text4        000000
__Ltext5                   text5        000000
__Ltext6                   text6        000000
__Ltext7                   text7        000000
__Ltext8                   text8        000000
__Ltext9                   text9        000000
__S0                       (abs)        30000E
__S1                       (abs)        000019
__S2                       (abs)        000000
___awdiv                   text17       001032
___awdiv@counter           cstackCOMRAM 00000B
___awdiv@dividend          cstackCOMRAM 000007
___awdiv@divisor           cstackCOMRAM 000009
___awdiv@quotient          cstackCOMRAM 00000D
___awdiv@sign              cstackCOMRAM 00000C
___awmod                   text16       00111E
___awmod@counter           cstackCOMRAM 000005
___awmod@dividend          cstackCOMRAM 000001
___awmod@divisor           cstackCOMRAM 000003
___awmod@sign              cstackCOMRAM 000006
___inthi_sp                stack        000000
___intlo_sp                stack        000000
___param_bank              (abs)        000000
___rparam_used             (abs)        000001
___sp                      stack        000000
__accesstop                (abs)        000060
__activetblptr             (abs)        000001
__end_of_UARTInit          text19       001412
__end_of_UARTWriteByte     text18       001554
__end_of_UARTWriteByteDec  text15       0013A4
__end_of_UARTWriteStrLn    text14       001332
__end_of___awdiv           text17       00111E
__end_of___awmod           text16       0011F6
__end_of__initialization   cinit        001570
__end_of_eepromFirstRead   text10       001596
__end_of_eepromFirstWrite  text8        00158A
__end_of_eepromRead        text3        00146A
__end_of_eepromWrite       text7        0015A0
__end_of_eepromWriteFull   text2        001518
__end_of_i2c_NAK           text6        001536
__end_of_i2c_init          text1        00143E
__end_of_i2c_read          text5        001496
__end_of_i2c_repStart      text12       0014FA
__end_of_i2c_start         text9        001570
__end_of_i2c_stop          text4        0014DA
__end_of_i2c_waitForIdle   text13       0013DC
__end_of_i2c_write         text11       0014BA
__end_of_main              text0        0012BE
__initialization           cinit        001570
__mediumconst              mediumconst  000000
__pcinit                   cinit        001570
__pcstackCOMRAM            cstackCOMRAM 000001
__psmallconst              smallconst   001000
__ptext0                   text0        0011F6
__ptext1                   text1        001412
__ptext10                  text10       00158A
__ptext11                  text11       001496
__ptext12                  text12       0014DA
__ptext13                  text13       0013A4
__ptext14                  text14       0012BE
__ptext15                  text15       001332
__ptext16                  text16       00111E
__ptext17                  text17       001032
__ptext18                  text18       001536
__ptext19                  text19       0013DC
__ptext2                   text2        0014FA
__ptext3                   text3        00143E
__ptext4                   text4        0014BA
__ptext5                   text5        00146A
__ptext6                   text6        001518
__ptext7                   text7        001596
__ptext8                   text8        00157E
__ptext9                   text9        001554
__ramtop                   ramtop       001000
__size_of_UARTInit         (abs)        000000
__size_of_UARTWriteByte    (abs)        000000
__size_of_UARTWriteByteDec (abs)        000000
__size_of_UARTWriteStrLn   (abs)        000000
__size_of___awdiv          (abs)        000000
__size_of___awmod          (abs)        000000
__size_of_eepromFirstRead  (abs)        000000
__size_of_eepromFirstWrite (abs)        000000
__size_of_eepromRead       (abs)        000000
__size_of_eepromWrite      (abs)        000000
__size_of_eepromWriteFull  (abs)        000000
__size_of_i2c_NAK          (abs)        000000
__size_of_i2c_init         (abs)        000000
__size_of_i2c_read         (abs)        000000
__size_of_i2c_repStart     (abs)        000000
__size_of_i2c_start        (abs)        000000
__size_of_i2c_stop         (abs)        000000
__size_of_i2c_waitForIdle  (abs)        000000
__size_of_i2c_write        (abs)        000000
__size_of_main             (abs)        000000
__smallconst               smallconst   001000
_eepromFirstRead           text10       00158A
_eepromFirstWrite          text8        00157E
_eepromRead                text3        00143E
_eepromWrite               text7        001596
_eepromWriteFull           text2        0014FA
_i2c_NAK                   text6        001518
_i2c_init                  text1        001412
_i2c_read                  text5        00146A
_i2c_repStart              text12       0014DA
_i2c_start                 text9        001554
_i2c_stop                  text4        0014BA
_i2c_waitForIdle           text13       0013A4
_i2c_write                 text11       001496
_main                      text0        0011F6
eepromRead@addressH        cstackCOMRAM 000005
eepromRead@addressL        cstackCOMRAM 000004
eepromRead@buffer          cstackCOMRAM 000006
eepromWrite@data           cstackCOMRAM 000003
eepromWriteFull@addressH   cstackCOMRAM 000006
eepromWriteFull@addressL   cstackCOMRAM 000004
eepromWriteFull@data       cstackCOMRAM 000005
end_of_initialization      cinit        001570
i2c_read@i2cReadData       cstackCOMRAM 000002
i2c_write@i2cWriteData     cstackCOMRAM 000002
intlevel0                  text         000000
intlevel1                  text         000000
intlevel2                  text         000000
intlevel3                  text         000000
main@i                     cstackCOMRAM 000015
main@i_562                 cstackCOMRAM 000017
stackhi                    (abs)        000F37
stacklo                    (abs)        000060
start                      init         000000
start_initialization       cinit        001570


FUNCTION INFORMATION:

 *************** function _main *****************
 Defined at:
		line 85 in file "main.c"
 Parameters:    Size  Location     Type
  argc            2   15[COMRAM] int 
  argv            3   17[COMRAM] PTR PTR unsigned char 
 Auto vars:     Size  Location     Type
  i               2   22[COMRAM] unsigned int 
  i               2   20[COMRAM] unsigned int 
 Return value:  Size  Location     Type
                  2   15[COMRAM] int 
 Registers used:
		wreg, status,2, status,0, tblptrl, tblptrh, tblptru, prodl, prodh, cstack
 Tracked objects:
		On entry : 
		On exit  : 
		Unchanged: 
 Data sizes:     COMRAM   BANK0   BANK1   BANK2   BANK3   BANK4   BANK5   BANK6   BANK7   BANK8   BANK9  BANK10  BANK11  BANK12  BANK13  BANK14  BANK15
      Params:         5       0       0       0       0       0       0       0       0       0       0       0       0       0       0       0       0
      Locals:         4       0       0       0       0       0       0       0       0       0       0       0       0       0       0       0       0
      Temps:          0       0       0       0       0       0       0       0       0       0       0       0       0       0       0       0       0
      Totals:         9       0       0       0       0       0       0       0       0       0       0       0       0       0       0       0       0
Total ram usage:        9 bytes
 Hardware stack levels required when called:    4
 This function calls:
		_UARTInit
		_UARTWriteByteDec
		_UARTWriteStrLn
		_eepromRead
		_eepromWriteFull
		_i2c_init
 This function is called by:
		Startup code after reset
 This function uses a non-reentrant model


 *************** function _i2c_init *****************
 Defined at:
		line 15 in file "i2c.c"
 Parameters:    Size  Location     Type
		None
 Auto vars:     Size  Location     Type
		None
 Return value:  Size  Location     Type
                  1    wreg      void 
 Registers used:
		wreg, status,2
 Tracked objects:
		On entry : 
		On exit  : 
		Unchanged: 
 Data sizes:     COMRAM   BANK0   BANK1   BANK2   BANK3   BANK4   BANK5   BANK6   BANK7   BANK8   BANK9  BANK10  BANK11  BANK12  BANK13  BANK14  BANK15
      Params:         0       0       0       0       0       0       0       0       0       0       0       0       0       0       0       0       0
      Locals:         0       0       0       0       0       0       0       0       0       0       0       0       0       0       0       0       0
      Temps:          0       0       0       0       0       0       0       0       0       0       0       0       0       0       0       0       0
      Totals:         0       0       0       0       0       0       0       0       0       0       0       0       0       0       0       0       0
Total ram usage:        0 bytes
 Hardware stack levels used:    1
 This function calls:
		Nothing
 This function is called by:
		_main
 This function uses a non-reentrant model


 *************** function _eepromWriteFull *****************
 Defined at:
		line 38 in file "eeprom.c"
 Parameters:    Size  Location     Type
  addressH        1    wreg     unsigned char 
  addressL        1    3[COMRAM] unsigned char 
  data            1    4[COMRAM] unsigned char 
 Auto vars:     Size  Location     Type
  addressH        1    5[COMRAM] unsigned char 
 Return value:  Size  Location     Type
                  1    wreg      void 
 Registers used:
		wreg, status,2, status,0, cstack
 Tracked objects:
		On entry : 
		On exit  : 
		Unchanged: 
 Data sizes:     COMRAM   BANK0   BANK1   BANK2   BANK3   BANK4   BANK5   BANK6   BANK7   BANK8   BANK9  BANK10  BANK11  BANK12  BANK13  BANK14  BANK15
      Params:         2       0       0       0       0       0       0       0       0       0       0       0       0       0       0       0       0
      Locals:         1       0       0       0       0       0       0       0       0       0       0       0       0       0       0       0       0
      Temps:          0       0       0       0       0       0       0       0       0       0       0       0       0       0       0       0       0
      Totals:         3       0       0       0       0       0       0       0       0       0       0       0       0       0       0       0       0
Total ram usage:        3 bytes
 Hardware stack levels used:    1
 Hardware stack levels required when called:    3
 This function calls:
		_eepromFirstWrite
		_eepromWrite
		_i2c_stop
 This function is called by:
		_main
 This function uses a non-reentrant model


 *************** function _eepromRead *****************
 Defined at:
		line 8 in file "eeprom.c"
 Parameters:    Size  Location     Type
  addressH        1    wreg     unsigned char 
  addressL        1    3[COMRAM] unsigned char 
 Auto vars:     Size  Location     Type
  addressH        1    4[COMRAM] unsigned char 
  buffer          1    5[COMRAM] unsigned char 
 Return value:  Size  Location     Type
                  1    wreg      unsigned char 
 Registers used:
		wreg, status,2, status,0, cstack
 Tracked objects:
		On entry : 
		On exit  : 
		Unchanged: 
 Data sizes:     COMRAM   BANK0   BANK1   BANK2   BANK3   BANK4   BANK5   BANK6   BANK7   BANK8   BANK9  BANK10  BANK11  BANK12  BANK13  BANK14  BANK15
      Params:         1       0       0       0       0       0       0       0       0       0       0       0       0       0       0       0       0
      Locals:         2       0       0       0       0       0       0       0       0       0       0       0       0       0       0       0       0
      Temps:          0       0       0       0       0       0       0       0       0       0       0       0       0       0       0       0       0
      Totals:         3       0       0       0       0       0       0       0       0       0       0       0       0       0       0       0       0
Total ram usage:        3 bytes
 Hardware stack levels used:    1
 Hardware stack levels required when called:    3
 This function calls:
		_eepromFirstRead
		_eepromFirstWrite
		_eepromWrite
		_i2c_NAK
		_i2c_read
		_i2c_stop
 This function is called by:
		_main
 This function uses a non-reentrant model


 *************** function _i2c_stop *****************
 Defined at:
		line 62 in file "i2c.c"
 Parameters:    Size  Location     Type
		None
 Auto vars:     Size  Location     Type
		None
 Return value:  Size  Location     Type
                  1    wreg      void 
 Registers used:
		wreg, status,2, status,0, cstack
 Tracked objects:
		On entry : 
		On exit  : 
		Unchanged: 
 Data sizes:     COMRAM   BANK0   BANK1   BANK2   BANK3   BANK4   BANK5   BANK6   BANK7   BANK8   BANK9  BANK10  BANK11  BANK12  BANK13  BANK14  BANK15
      Params:         0       0       0       0       0       0       0       0       0       0       0       0       0       0       0       0       0
      Locals:         0       0       0       0       0       0       0       0       0       0       0       0       0       0       0       0       0
      Temps:          0       0       0       0       0       0       0       0       0       0       0       0       0       0       0       0       0
      Totals:         0       0       0       0       0       0       0       0       0       0       0       0       0       0       0       0       0
Total ram usage:        0 bytes
 Hardware stack levels used:    1
 Hardware stack levels required when called:    1
 This function calls:
		_i2c_waitForIdle
 This function is called by:
		_eepromRead
		_eepromWriteFull
		_eepromStop
 This function uses a non-reentrant model


 *************** function _i2c_read *****************
 Defined at:
		line 86 in file "i2c.c"
 Parameters:    Size  Location     Type
		None
 Auto vars:     Size  Location     Type
  i2cReadData     1    1[COMRAM] unsigned char 
 Return value:  Size  Location     Type
                  1    wreg      unsigned char 
 Registers used:
		wreg, status,2, status,0, cstack
 Tracked objects:
		On entry : 
		On exit  : 
		Unchanged: 
 Data sizes:     COMRAM   BANK0   BANK1   BANK2   BANK3   BANK4   BANK5   BANK6   BANK7   BANK8   BANK9  BANK10  BANK11  BANK12  BANK13  BANK14  BANK15
      Params:         0       0       0       0       0       0       0       0       0       0       0       0       0       0       0       0       0
      Locals:         1       0       0       0       0       0       0       0       0       0       0       0       0       0       0       0       0
      Temps:          0       0       0       0       0       0       0       0       0       0       0       0       0       0       0       0       0
      Totals:         1       0       0       0       0       0       0       0       0       0       0       0       0       0       0       0       0
Total ram usage:        1 bytes
 Hardware stack levels used:    1
 Hardware stack levels required when called:    1
 This function calls:
		_i2c_waitForIdle
 This function is called by:
		_eepromRead
 This function uses a non-reentrant model


 *************** function _i2c_NAK *****************
 Defined at:
		line 78 in file "i2c.c"
 Parameters:    Size  Location     Type
		None
 Auto vars:     Size  Location     Type
		None
 Return value:  Size  Location     Type
                  1    wreg      void 
 Registers used:
		None
 Tracked objects:
		On entry : 
		On exit  : 
		Unchanged: 
 Data sizes:     COMRAM   BANK0   BANK1   BANK2   BANK3   BANK4   BANK5   BANK6   BANK7   BANK8   BANK9  BANK10  BANK11  BANK12  BANK13  BANK14  BANK15
      Params:         0       0       0       0       0       0       0       0       0       0       0       0       0       0       0       0       0
      Locals:         0       0       0       0       0       0       0       0       0       0       0       0       0       0       0       0       0
      Temps:          0       0       0       0       0       0       0       0       0       0       0       0       0       0       0       0       0
      Totals:         0       0       0       0       0       0       0       0       0       0       0       0       0       0       0       0       0
Total ram usage:        0 bytes
 Hardware stack levels used:    1
 This function calls:
		Nothing
 This function is called by:
		_eepromRead
 This function uses a non-reentrant model


 *************** function _eepromWrite *****************
 Defined at:
		line 30 in file "eeprom.c"
 Parameters:    Size  Location     Type
  data            1    wreg     unsigned char 
 Auto vars:     Size  Location     Type
  data            1    2[COMRAM] unsigned char 
 Return value:  Size  Location     Type
                  1    wreg      void 
 Registers used:
		wreg, status,2, status,0, cstack
 Tracked objects:
		On entry : 
		On exit  : 
		Unchanged: 
 Data sizes:     COMRAM   BANK0   BANK1   BANK2   BANK3   BANK4   BANK5   BANK6   BANK7   BANK8   BANK9  BANK10  BANK11  BANK12  BANK13  BANK14  BANK15
      Params:         0       0       0       0       0       0       0       0       0       0       0       0       0       0       0       0       0
      Locals:         1       0       0       0       0       0       0       0       0       0       0       0       0       0       0       0       0
      Temps:          0       0       0       0       0       0       0       0       0       0       0       0       0       0       0       0       0
      Totals:         1       0       0       0       0       0       0       0       0       0       0       0       0       0       0       0       0
Total ram usage:        1 bytes
 Hardware stack levels used:    1
 Hardware stack levels required when called:    2
 This function calls:
		_i2c_write
 This function is called by:
		_eepromRead
		_eepromWriteFull
 This function uses a non-reentrant model


 *************** function _eepromFirstWrite *****************
 Defined at:
		line 25 in file "eeprom.c"
 Parameters:    Size  Location     Type
		None
 Auto vars:     Size  Location     Type
		None
 Return value:  Size  Location     Type
                  1    wreg      void 
 Registers used:
		wreg, status,2, status,0, cstack
 Tracked objects:
		On entry : 
		On exit  : 
		Unchanged: 
 Data sizes:     COMRAM   BANK0   BANK1   BANK2   BANK3   BANK4   BANK5   BANK6   BANK7   BANK8   BANK9  BANK10  BANK11  BANK12  BANK13  BANK14  BANK15
      Params:         0       0       0       0       0       0       0       0       0       0       0       0       0       0       0       0       0
      Locals:         0       0       0       0       0       0       0       0       0       0       0       0       0       0       0       0       0
      Temps:          0       0       0       0       0       0       0       0       0       0       0       0       0       0       0       0       0
      Totals:         0       0       0       0       0       0       0       0       0       0       0       0       0       0       0       0       0
Total ram usage:        0 bytes
 Hardware stack levels used:    1
 Hardware stack levels required when called:    2
 This function calls:
		_i2c_start
		_i2c_write
 This function is called by:
		_eepromRead
		_eepromWriteFull
 This function uses a non-reentrant model


 *************** function _i2c_start *****************
 Defined at:
		line 46 in file "i2c.c"
 Parameters:    Size  Location     Type
		None
 Auto vars:     Size  Location     Type
		None
 Return value:  Size  Location     Type
                  1    wreg      void 
 Registers used:
		None
 Tracked objects:
		On entry : 
		On exit  : 
		Unchanged: 
 Data sizes:     COMRAM   BANK0   BANK1   BANK2   BANK3   BANK4   BANK5   BANK6   BANK7   BANK8   BANK9  BANK10  BANK11  BANK12  BANK13  BANK14  BANK15
      Params:         0       0       0       0       0       0       0       0       0       0       0       0       0       0       0       0       0
      Locals:         0       0       0       0       0       0       0       0       0       0       0       0       0       0       0       0       0
      Temps:          0       0       0       0       0       0       0       0       0       0       0       0       0       0       0       0       0
      Totals:         0       0       0       0       0       0       0       0       0       0       0       0       0       0       0       0       0
Total ram usage:        0 bytes
 Hardware stack levels used:    1
 This function calls:
		Nothing
 This function is called by:
		_eepromFirstWrite
 This function uses a non-reentrant model


 *************** function _eepromFirstRead *****************
 Defined at:
		line 20 in file "eeprom.c"
 Parameters:    Size  Location     Type
		None
 Auto vars:     Size  Location     Type
		None
 Return value:  Size  Location     Type
                  1    wreg      void 
 Registers used:
		wreg, status,2, status,0, cstack
 Tracked objects:
		On entry : 
		On exit  : 
		Unchanged: 
 Data sizes:     COMRAM   BANK0   BANK1   BANK2   BANK3   BANK4   BANK5   BANK6   BANK7   BANK8   BANK9  BANK10  BANK11  BANK12  BANK13  BANK14  BANK15
      Params:         0       0       0       0       0       0       0       0       0       0       0       0       0       0       0       0       0
      Locals:         0       0       0       0       0       0       0       0       0       0       0       0       0       0       0       0       0
      Temps:          0       0       0       0       0       0       0       0       0       0       0       0       0       0       0       0       0
      Totals:         0       0       0       0       0       0       0       0       0       0       0       0       0       0       0       0       0
Total ram usage:        0 bytes
 Hardware stack levels used:    1
 Hardware stack levels required when called:    2
 This function calls:
		_i2c_repStart
		_i2c_write
 This function is called by:
		_eepromRead
 This function uses a non-reentrant model


 *************** function _i2c_write *****************
 Defined at:
		line 100 in file "i2c.c"
 Parameters:    Size  Location     Type
  i2cWriteData    1    wreg     unsigned char 
 Auto vars:     Size  Location     Type
  i2cWriteData    1    1[COMRAM] unsigned char 
 Return value:  Size  Location     Type
                  1    wreg      void 
 Registers used:
		wreg, status,2, status,0, cstack
 Tracked objects:
		On entry : 
		On exit  : 
		Unchanged: 
 Data sizes:     COMRAM   BANK0   BANK1   BANK2   BANK3   BANK4   BANK5   BANK6   BANK7   BANK8   BANK9  BANK10  BANK11  BANK12  BANK13  BANK14  BANK15
      Params:         0       0       0       0       0       0       0       0       0       0       0       0       0       0       0       0       0
      Locals:         1       0       0       0       0       0       0       0       0       0       0       0       0       0       0       0       0
      Temps:          0       0       0       0       0       0       0       0       0       0       0       0       0       0       0       0       0
      Totals:         1       0       0       0       0       0       0       0       0       0       0       0       0       0       0       0       0
Total ram usage:        1 bytes
 Hardware stack levels used:    1
 Hardware stack levels required when called:    1
 This function calls:
		_i2c_waitForIdle
 This function is called by:
		_eepromFirstRead
		_eepromFirstWrite
		_eepromWrite
 This function uses a non-reentrant model


 *************** function _i2c_repStart *****************
 Defined at:
		line 53 in file "i2c.c"
 Parameters:    Size  Location     Type
		None
 Auto vars:     Size  Location     Type
		None
 Return value:  Size  Location     Type
                  1    wreg      void 
 Registers used:
		wreg, status,2, status,0, cstack
 Tracked objects:
		On entry : 
		On exit  : 
		Unchanged: 
 Data sizes:     COMRAM   BANK0   BANK1   BANK2   BANK3   BANK4   BANK5   BANK6   BANK7   BANK8   BANK9  BANK10  BANK11  BANK12  BANK13  BANK14  BANK15
      Params:         0       0       0       0       0       0       0       0       0       0       0       0       0       0       0       0       0
      Locals:         0       0       0       0       0       0       0       0       0       0       0       0       0       0       0       0       0
      Temps:          0       0       0       0       0       0       0       0       0       0       0       0       0       0       0       0       0
      Totals:         0       0       0       0       0       0       0       0       0       0       0       0       0       0       0       0       0
Total ram usage:        0 bytes
 Hardware stack levels used:    1
 Hardware stack levels required when called:    1
 This function calls:
		_i2c_waitForIdle
 This function is called by:
		_eepromFirstRead
 This function uses a non-reentrant model


 *************** function _i2c_waitForIdle *****************
 Defined at:
		line 40 in file "i2c.c"
 Parameters:    Size  Location     Type
		None
 Auto vars:     Size  Location     Type
		None
 Return value:  Size  Location     Type
                  1    wreg      void 
 Registers used:
		wreg, status,2, status,0
 Tracked objects:
		On entry : 
		On exit  : 
		Unchanged: 
 Data sizes:     COMRAM   BANK0   BANK1   BANK2   BANK3   BANK4   BANK5   BANK6   BANK7   BANK8   BANK9  BANK10  BANK11  BANK12  BANK13  BANK14  BANK15
      Params:         0       0       0       0       0       0       0       0       0       0       0       0       0       0       0       0       0
      Locals:         0       0       0       0       0       0       0       0       0       0       0       0       0       0       0       0       0
      Temps:          1       0       0       0       0       0       0       0       0       0       0       0       0       0       0       0       0
      Totals:         1       0       0       0       0       0       0       0       0       0       0       0       0       0       0       0       0
Total ram usage:        1 bytes
 Hardware stack levels used:    1
 This function calls:
		Nothing
 This function is called by:
		_i2c_repStart
		_i2c_stop
		_i2c_read
		_i2c_write
 This function uses a non-reentrant model


 *************** function _UARTWriteStrLn *****************
 Defined at:
		line 72 in file "uart.c"
 Parameters:    Size  Location     Type
  string          2    1[COMRAM] PTR unsigned char 
		 -> STR_2(15), STR_1(15), 
 Auto vars:     Size  Location     Type
  i               1    5[COMRAM] unsigned char 
 Return value:  Size  Location     Type
                  1    wreg      void 
 Registers used:
		wreg, status,2, status,0, tblptrl, tblptrh, tblptru, prodl, prodh, cstack
 Tracked objects:
		On entry : 
		On exit  : 
		Unchanged: 
 Data sizes:     COMRAM   BANK0   BANK1   BANK2   BANK3   BANK4   BANK5   BANK6   BANK7   BANK8   BANK9  BANK10  BANK11  BANK12  BANK13  BANK14  BANK15
      Params:         2       0       0       0       0       0       0       0       0       0       0       0       0       0       0       0       0
      Locals:         1       0       0       0       0       0       0       0       0       0       0       0       0       0       0       0       0
      Temps:          2       0       0       0       0       0       0       0       0       0       0       0       0       0       0       0       0
      Totals:         5       0       0       0       0       0       0       0       0       0       0       0       0       0       0       0       0
Total ram usage:        5 bytes
 Hardware stack levels used:    1
 Hardware stack levels required when called:    1
 This function calls:
		_UARTWriteByte
 This function is called by:
		_main
 This function uses a non-reentrant model


 *************** function _UARTWriteByteDec *****************
 Defined at:
		line 93 in file "uart.c"
 Parameters:    Size  Location     Type
  data            1    wreg     unsigned char 
 Auto vars:     Size  Location     Type
  data            1   14[COMRAM] unsigned char 
 Return value:  Size  Location     Type
                  1    wreg      void 
 Registers used:
		wreg, status,2, status,0, cstack
 Tracked objects:
		On entry : 
		On exit  : 
		Unchanged: 
 Data sizes:     COMRAM   BANK0   BANK1   BANK2   BANK3   BANK4   BANK5   BANK6   BANK7   BANK8   BANK9  BANK10  BANK11  BANK12  BANK13  BANK14  BANK15
      Params:         0       0       0       0       0       0       0       0       0       0       0       0       0       0       0       0       0
      Locals:         1       0       0       0       0       0       0       0       0       0       0       0       0       0       0       0       0
      Temps:          0       0       0       0       0       0       0       0       0       0       0       0       0       0       0       0       0
      Totals:         1       0       0       0       0       0       0       0       0       0       0       0       0       0       0       0       0
Total ram usage:        1 bytes
 Hardware stack levels used:    1
 Hardware stack levels required when called:    1
 This function calls:
		_UARTWriteByte
		___awdiv
		___awmod
 This function is called by:
		_main
 This function uses a non-reentrant model


 *************** function ___awmod *****************
 Defined at:
		line 7 in file "/opt/microchip/xc8/v2.00/pic/sources/c99/common/awmod.c"
 Parameters:    Size  Location     Type
  dividend        2    0[COMRAM] int 
  divisor         2    2[COMRAM] int 
 Auto vars:     Size  Location     Type
  sign            1    5[COMRAM] unsigned char 
  counter         1    4[COMRAM] unsigned char 
 Return value:  Size  Location     Type
                  2    0[COMRAM] int 
 Registers used:
		wreg, status,2, status,0
 Tracked objects:
		On entry : 
		On exit  : 
		Unchanged: 
 Data sizes:     COMRAM   BANK0   BANK1   BANK2   BANK3   BANK4   BANK5   BANK6   BANK7   BANK8   BANK9  BANK10  BANK11  BANK12  BANK13  BANK14  BANK15
      Params:         4       0       0       0       0       0       0       0       0       0       0       0       0       0       0       0       0
      Locals:         2       0       0       0       0       0       0       0       0       0       0       0       0       0       0       0       0
      Temps:          0       0       0       0       0       0       0       0       0       0       0       0       0       0       0       0       0
      Totals:         6       0       0       0       0       0       0       0       0       0       0       0       0       0       0       0       0
Total ram usage:        6 bytes
 Hardware stack levels used:    1
 This function calls:
		Nothing
 This function is called by:
		_UARTWriteByteDec
 This function uses a non-reentrant model


 *************** function ___awdiv *****************
 Defined at:
		line 7 in file "/opt/microchip/xc8/v2.00/pic/sources/c99/common/awdiv.c"
 Parameters:    Size  Location     Type
  dividend        2    6[COMRAM] int 
  divisor         2    8[COMRAM] int 
 Auto vars:     Size  Location     Type
  quotient        2   12[COMRAM] int 
  sign            1   11[COMRAM] unsigned char 
  counter         1   10[COMRAM] unsigned char 
 Return value:  Size  Location     Type
                  2    6[COMRAM] int 
 Registers used:
		wreg, status,2, status,0
 Tracked objects:
		On entry : 
		On exit  : 
		Unchanged: 
 Data sizes:     COMRAM   BANK0   BANK1   BANK2   BANK3   BANK4   BANK5   BANK6   BANK7   BANK8   BANK9  BANK10  BANK11  BANK12  BANK13  BANK14  BANK15
      Params:         4       0       0       0       0       0       0       0       0       0       0       0       0       0       0       0       0
      Locals:         4       0       0       0       0       0       0       0       0       0       0       0       0       0       0       0       0
      Temps:          0       0       0       0       0       0       0       0       0       0       0       0       0       0       0       0       0
      Totals:         8       0       0       0       0       0       0       0       0       0       0       0       0       0       0       0       0
Total ram usage:        8 bytes
 Hardware stack levels used:    1
 This function calls:
		Nothing
 This function is called by:
		_UARTWriteByteDec
		_UARTWriteByteHex
 This function uses a non-reentrant model


 *************** function _UARTWriteByte *****************
 Defined at:
		line 52 in file "uart.c"
 Parameters:    Size  Location     Type
  data            1    wreg     unsigned char 
 Auto vars:     Size  Location     Type
  data            1    0[COMRAM] unsigned char 
 Return value:  Size  Location     Type
                  1    wreg      void 
 Registers used:
		wreg
 Tracked objects:
		On entry : 
		On exit  : 
		Unchanged: 
 Data sizes:     COMRAM   BANK0   BANK1   BANK2   BANK3   BANK4   BANK5   BANK6   BANK7   BANK8   BANK9  BANK10  BANK11  BANK12  BANK13  BANK14  BANK15
      Params:         0       0       0       0       0       0       0       0       0       0       0       0       0       0       0       0       0
      Locals:         1       0       0       0       0       0       0       0       0       0       0       0       0       0       0       0       0
      Temps:          0       0       0       0       0       0       0       0       0       0       0       0       0       0       0       0       0
      Totals:         1       0       0       0       0       0       0       0       0       0       0       0       0       0       0       0       0
Total ram usage:        1 bytes
 Hardware stack levels used:    1
 This function calls:
		Nothing
 This function is called by:
		_UARTWriteStrLn
		_UARTWriteByteDec
		_UARTWriteStr
		_UARTWriteByteHex
 This function uses a non-reentrant model


 *************** function _UARTInit *****************
 Defined at:
		line 16 in file "uart.c"
 Parameters:    Size  Location     Type
  baudRate        2    0[COMRAM] unsigned int 
 Auto vars:     Size  Location     Type
		None
 Return value:  Size  Location     Type
                  1    wreg      void 
 Registers used:
		wreg, status,2
 Tracked objects:
		On entry : 
		On exit  : 
		Unchanged: 
 Data sizes:     COMRAM   BANK0   BANK1   BANK2   BANK3   BANK4   BANK5   BANK6   BANK7   BANK8   BANK9  BANK10  BANK11  BANK12  BANK13  BANK14  BANK15
      Params:         2       0       0       0       0       0       0       0       0       0       0       0       0       0       0       0       0
      Locals:         0       0       0       0       0       0       0       0       0       0       0       0       0       0       0       0       0
      Temps:          0       0       0       0       0       0       0       0       0       0       0       0       0       0       0       0       0
      Totals:         2       0       0       0       0       0       0       0       0       0       0       0       0       0       0       0       0
Total ram usage:        2 bytes
 Hardware stack levels used:    1
 This function calls:
		Nothing
 This function is called by:
		_main
 This function uses a non-reentrant model



MODULE INFORMATION

Module		Function		Class		Link	Load	Size
/opt/microchip/xc8/v2.00/pic/sources/c99/common/awdiv.c
		___awdiv       		CODE           	1032	0000	237

/opt/microchip/xc8/v2.00/pic/sources/c99/common/awdiv.c estimated size: 237

uart.c
		_UARTWriteByteDec		CODE           	1332	0000	115
		_UARTWriteByte 		CODE           	1536	0000	31
		_UARTInit      		CODE           	13DC	0000	55
		_UARTWriteStrLn		CODE           	12BE	0000	117

uart.c estimated size: 318

i2c.c
		_i2c_NAK       		CODE           	1518	0000	31
		_i2c_start     		CODE           	1554	0000	29
		_i2c_repStart  		CODE           	14DA	0000	33
		_i2c_waitForIdle		CODE           	13A4	0000	57
		_i2c_write     		CODE           	1496	0000	37
		_i2c_stop      		CODE           	14BA	0000	33
		_i2c_read      		CODE           	146A	0000	45
		_i2c_init      		CODE           	1412	0000	45

i2c.c estimated size: 310

eeprom.c
		_eepromFirstRead		CODE           	158A	0000	13
		_eepromWrite   		CODE           	1596	0000	11
		_eepromFirstWrite		CODE           	157E	0000	13
		_eepromWriteFull		CODE           	14FA	0000	31
		_eepromRead    		CODE           	143E	0000	45

eeprom.c estimated size: 113

shared
		__initialization		CODE           	1570	0000	1

shared estimated size: 1

/opt/microchip/xc8/v2.00/pic/sources/c99/common/awmod.c
		___awmod       		CODE           	111E	0000	217

/opt/microchip/xc8/v2.00/pic/sources/c99/common/awmod.c estimated size: 217

main.c
		_main          		CODE           	11F6	0000	201

main.c estimated size: 201

