Microchip MPLAB XC8 Compiler V2.00 ()

Linker command line:

-W-3 --edf=/opt/microchip/xc8/v2.00/pic/dat/en_msgs.txt -cs \
  -h+dist/default/production/Capteur_luminosite.X.production.sym \
  --cmf=dist/default/production/Capteur_luminosite.X.production.cmf -z \
  -Q18F26K22 -o/tmp/xcXoAetGx --defsym=__MPLAB_BUILD=1 \
  -Mdist/default/production/Capteur_luminosite.X.production.map -E1 \
  -ver=XC8 --acfsm=1493 -ASTACK=060h-0f37h -pstack=STACK -ACODE=00h-0FFFFh \
  -ACONST=00h-0FFFFh -ASMALLCONST=01000h-010FFhx240 \
  -AMEDIUMCONST=01000h-0FFFFh -ACOMRAM=01h-05Fh -AABS1=00h-0F37h \
  -ABIGRAM=01h-0F37h -ARAM=060h-0FFh,0100h-01FFhx14,0F00h-0F37h \
  -ABANK0=060h-0FFh -ABANK1=0100h-01FFh -ABANK2=0200h-02FFh \
  -ABANK3=0300h-03FFh -ABANK4=0400h-04FFh -ABANK5=0500h-05FFh \
  -ABANK6=0600h-06FFh -ABANK7=0700h-07FFh -ABANK8=0800h-08FFh \
  -ABANK9=0900h-09FFh -ABANK10=0A00h-0AFFh -ABANK11=0B00h-0BFFh \
  -ABANK12=0C00h-0CFFh -ABANK13=0D00h-0DFFh -ABANK14=0E00h-0EFFh \
  -ABANK15=0F00h-0F37h -ASFR=0F38h-0F5Fh,0F60h-0FFFh \
  -preset_vec=00h,intcode,intcodelo,powerup,init -pramtop=01000h \
  -psmallconst=SMALLCONST -pmediumconst=MEDIUMCONST -pconst=CONST \
  -AFARRAM=00h-00h -ACONFIG=0300000h-030000Dh -pconfig=CONFIG \
  -AIDLOC=0200000h-0200007h -pidloc=IDLOC -AEEDATA=0F00000h-0F003FFh \
  -peeprom_data=EEDATA \
  -prdata=COMRAM,nvrram=COMRAM,nvbit=COMRAM,rbss=COMRAM,rbit=COMRAM \
  -pfarbss=FARRAM,fardata=FARRAM,nvFARRAM=FARRAM \
  -pintsave_regs=BIGRAM,bigbss=BIGRAM,bigdata=BIGRAM -pbss=RAM \
  -pidata=CODE,irdata=CODE,ibigdata=CODE,ifardata=CODE -prparam=COMRAM \
  /tmp/xcXM2ReDW.o \
  dist/default/production/Capteur_luminosite.X.production.o 

Object code version is 3.11

Machine type is 18F26K22

Call graph: (short form)




                Name                               Link     Load   Length Selector   Space Scale
/tmp/xcXM2ReDW.o
                init                                  0        0        4        0       0
                idloc                            200000   200000        8   200000       0
                config                           300000   300000        E   300000       0
dist/default/production/Capteur_luminosite.X.production.o
                smallconst                         1000     1000       46      800       0
                text22                             1CCA     1CCA       36      823       0
                text21                             1E20     1E20       1E      823       0
                text20                             18D6     18D6       EC      823       0
                text19                             19C2     19C2       D8      823       0
                text18                             1B84     1B84       72      823       0
                text17                             1B10     1B10       74      823       0
                text16                             1C92     1C92       38      823       0
                text15                             1DC4     1DC4       20      823       0
                text14                             1D80     1D80       24      823       0
                text13                             1D58     1D58       28      823       0
                text12                             1D2C     1D2C       2C      823       0
                text11                             1046     1046      46E      823       0
                text10                             1690     1690      152      823       0
                text9                              14B4     14B4      1DC      823       0
                text8                              1BF6     1BF6       58      823       0
                text7                              1C4E     1C4E       44      823       0
                text6                              1E02     1E02       1E      823       0
                text5                              1DE4     1DE4       1E      823       0
                text4                              1D00     1D00       2C      823       0
                text3                              1DA4     1DA4       20      823       0
                text2                              1E3E     1E3E       1C      823       0
                text1                              1A9A     1A9A       76      823       0
                text0                              17E2     17E2       F4      823       0
                cstackCOMRAM                          1        1       3E        1       1
                cinit                              1E5A     1E5A        E      823       0

TOTAL           Name                               Link     Load   Length     Space
        CLASS   STACK          

        CLASS   CODE           
                init                                  0        0        4         0
                text22                             1CCA     1CCA       36         0
                text21                             1E20     1E20       1E         0
                text20                             18D6     18D6       EC         0
                text19                             19C2     19C2       D8         0
                text18                             1B84     1B84       72         0
                text17                             1B10     1B10       74         0
                text16                             1C92     1C92       38         0
                text15                             1DC4     1DC4       20         0
                text14                             1D80     1D80       24         0
                text13                             1D58     1D58       28         0
                text12                             1D2C     1D2C       2C         0
                text11                             1046     1046      46E         0
                text10                             1690     1690      152         0
                text9                              14B4     14B4      1DC         0
                text8                              1BF6     1BF6       58         0
                text7                              1C4E     1C4E       44         0
                text6                              1E02     1E02       1E         0
                text5                              1DE4     1DE4       1E         0
                text4                              1D00     1D00       2C         0
                text3                              1DA4     1DA4       20         0
                text2                              1E3E     1E3E       1C         0
                text1                              1A9A     1A9A       76         0
                text0                              17E2     17E2       F4         0
                cinit                              1E5A     1E5A        E         0

        CLASS   CONST          

        CLASS   SMALLCONST     
                smallconst                         1000     1000       46         0

        CLASS   MEDIUMCONST    

        CLASS   COMRAM         
                cstackCOMRAM                          1        1       3E         1

        CLASS   ABS1           

        CLASS   BIGRAM         

        CLASS   RAM            

        CLASS   BANK0          

        CLASS   BANK1          

        CLASS   BANK2          

        CLASS   BANK3          

        CLASS   BANK4          

        CLASS   BANK5          

        CLASS   BANK6          

        CLASS   BANK7          

        CLASS   BANK8          

        CLASS   BANK9          

        CLASS   BANK10         

        CLASS   BANK11         

        CLASS   BANK12         

        CLASS   BANK13         

        CLASS   BANK14         

        CLASS   BANK15         

        CLASS   SFR            

        CLASS   FARRAM         

        CLASS   CONFIG         
                config                           300000   300000        E         0

        CLASS   IDLOC          
                idloc                            200000   200000        8         0

        CLASS   EEDATA         



SEGMENTS        Name                           Load    Length   Top    Selector   Space  Class

                reset_vec                      000000  000004  000004         0       0  CODE    
                cstackCOMRAM                   000001  00003E  00003F         1       1  COMRAM  
                smallconst                     001000  000046  001046       800       0  SMALLCON
                text11                         001046  000E22  001E68       823       0  CODE    
                idloc                          200000  000008  200008    200000       0  IDLOC   
                config                         300000  00000E  30000E    300000       0  CONFIG  


UNUSED ADDRESS RANGES

        Name                Unused          Largest block    Delta
        BANK0            000060-0000FF               A0
        BANK1            000100-0001FF              100
        BANK10           000A00-000AFF              100
        BANK11           000B00-000BFF              100
        BANK12           000C00-000CFF              100
        BANK13           000D00-000DFF              100
        BANK14           000E00-000EFF              100
        BANK15           000F00-000F37               38
        BANK2            000200-0002FF              100
        BANK3            000300-0003FF              100
        BANK4            000400-0004FF              100
        BANK5            000500-0005FF              100
        BANK6            000600-0006FF              100
        BANK7            000700-0007FF              100
        BANK8            000800-0008FF              100
        BANK9            000900-0009FF              100
        BIGRAM           00003F-000F37              EF9
        CODE             000004-000FFF              FFC
                         001E68-00FFFF             E198
        COMRAM           00003F-00005F               21
        CONST            000004-000FFF              FFC
                         001E68-00FFFF             E198
        EEDATA           F00000-F003FF              400
        MEDIUMCONST      001E68-00FFFF             E198
        RAM              000060-000F37              100
        SFR              000F38-000FFF               28
        SMALLCONST       001E68-00FFFF              100
        STACK            000060-000F37              ED8

                                  Symbol Table

?___awdiv                  cstackCOMRAM 000007
?___awmod                  cstackCOMRAM 000001
?___flmul                  cstackCOMRAM 00000F
?___fltol                  cstackCOMRAM 000028
?___xxtofl                 cstackCOMRAM 000001
?_abs                      cstackCOMRAM 000003
?_luxConversion            cstackCOMRAM 000032
?_readLuminosity           cstackCOMRAM 000007
UARTInit@baudRate          cstackCOMRAM 000001
UARTWriteByte@data         cstackCOMRAM 000001
UARTWriteByteDec@data      cstackCOMRAM 00000F
UARTWriteStrLn@i           cstackCOMRAM 000006
UARTWriteStrLn@string      cstackCOMRAM 000002
_ANSELCbits                (abs)        000F3A
_BAUDCON1bits              (abs)        000FB8
_PEIE                      (abs)        007F96
_PIE1bits                  (abs)        000F9D
_PIR1bits                  (abs)        000F9E
_PIR2bits                  (abs)        000FA1
_RCIE                      (abs)        007CED
_RCIF                      (abs)        007CF5
_RCREG1                    (abs)        000FAE
_RCSTA1                    (abs)        000FAB
_RCSTA1bits                (abs)        000FAB
_SPBRG1                    (abs)        000FAF
_SPBRGH1                   (abs)        000FB0
_SSP1ADD                   (abs)        000FC8
_SSP1BUF                   (abs)        000FC9
_SSP1CON1                  (abs)        000FC6
_SSP1CON2                  (abs)        000FC5
_SSP1CON2bits              (abs)        000FC5
_SSP1CON3bits              (abs)        000FCB
_SSP1STATbits              (abs)        000FC7
_TRISCbits                 (abs)        000F94
_TXREG1                    (abs)        000FAD
_TXSTA1                    (abs)        000FAC
_TXSTA1bits                (abs)        000FAC
_UARTInit                  text22       001CCA
_UARTWriteByte             text21       001E20
_UARTWriteByteDec          text18       001B84
_UARTWriteStrLn            text17       001B10
__CFG_BOREN$SBORDIS        (abs)        000000
__CFG_BORV$190             (abs)        000000
__CFG_CCP2MX$PORTC1        (abs)        000000
__CFG_CCP3MX$PORTB5        (abs)        000000
__CFG_CP0$OFF              (abs)        000000
__CFG_CP1$OFF              (abs)        000000
__CFG_CP2$OFF              (abs)        000000
__CFG_CP3$OFF              (abs)        000000
__CFG_CPB$OFF              (abs)        000000
__CFG_CPD$OFF              (abs)        000000
__CFG_EBTR0$OFF            (abs)        000000
__CFG_EBTR1$OFF            (abs)        000000
__CFG_EBTR2$OFF            (abs)        000000
__CFG_EBTR3$OFF            (abs)        000000
__CFG_EBTRB$OFF            (abs)        000000
__CFG_FCMEN$OFF            (abs)        000000
__CFG_FOSC$INTIO7          (abs)        000000
__CFG_HFOFST$ON            (abs)        000000
__CFG_IESO$OFF             (abs)        000000
__CFG_LVP$OFF              (abs)        000000
__CFG_MCLRE$EXTMCLR        (abs)        000000
__CFG_P2BMX$PORTB5         (abs)        000000
__CFG_PBADEN$OFF           (abs)        000000
__CFG_PLLCFG$OFF           (abs)        000000
__CFG_PRICLKEN$ON          (abs)        000000
__CFG_PWRTEN$OFF           (abs)        000000
__CFG_STVREN$ON            (abs)        000000
__CFG_T3CMX$PORTC0         (abs)        000000
__CFG_WDTEN$OFF            (abs)        000000
__CFG_WDTPS$32768          (abs)        000000
__CFG_WRT0$OFF             (abs)        000000
__CFG_WRT1$OFF             (abs)        000000
__CFG_WRT2$OFF             (abs)        000000
__CFG_WRT3$OFF             (abs)        000000
__CFG_WRTB$OFF             (abs)        000000
__CFG_WRTC$OFF             (abs)        000000
__CFG_WRTD$OFF             (abs)        000000
__CFG_XINST$OFF            (abs)        000000
__HRAM                     (abs)        000000
__Habs1                    abs1         000000
__Hbank0                   bank0        000000
__Hbank1                   bank1        000000
__Hbank10                  bank10       000000
__Hbank11                  bank11       000000
__Hbank12                  bank12       000000
__Hbank13                  bank13       000000
__Hbank14                  bank14       000000
__Hbank15                  bank15       000000
__Hbank2                   bank2        000000
__Hbank3                   bank3        000000
__Hbank4                   bank4        000000
__Hbank5                   bank5        000000
__Hbank6                   bank6        000000
__Hbank7                   bank7        000000
__Hbank8                   bank8        000000
__Hbank9                   bank9        000000
__Hbigbss                  bigbss       000000
__Hbigdata                 bigdata      000000
__Hbigram                  bigram       000000
__Hbss                     bss          000000
__Hcinit                   cinit        000000
__Hclrtext                 clrtext      000000
__Hcomram                  comram       000000
__Hconfig                  config       30000E
__Hconst                   const        000000
__HcstackCOMRAM            cstackCOMRAM 000000
__Hdata                    data         000000
__Heeprom_data             eeprom_data  000000
__Hfarbss                  farbss       000000
__Hfardata                 fardata      000000
__Hibigdata                ibigdata     000000
__Hidata                   idata        000000
__Hidloc                   idloc        200008
__Hifardata                ifardata     000000
__Hinit                    init         000004
__Hintcode                 intcode      000000
__Hintcode_body            intcode_body 000000
__Hintcodelo               intcodelo    000000
__Hintentry                intentry     000000
__Hintret                  intret       000000
__Hintsave_regs            intsave_regs 000000
__Hirdata                  irdata       000000
__Hmediumconst             mediumconst  000000
__HnvFARRAM                nvFARRAM     000000
__Hnvbit                   nvbit        000000
__Hnvrram                  nvrram       000000
__Hparam                   rparam       000000
__Hpowerup                 powerup      000000
__Hram                     ram          000000
__Hramtop                  ramtop       001000
__Hrbit                    rbit         000000
__Hrbss                    rbss         000000
__Hrdata                   rdata        000000
__Hreset_vec               reset_vec    000000
__Hrparam                  rparam       000000
__Hsfr                     sfr          000000
__Hsmallconst              smallconst   001046
__Hspace_0                 (abs)        30000E
__Hspace_1                 (abs)        00003F
__Hspace_2                 (abs)        000000
__Hstack                   stack        000000
__Hstruct                  struct       000000
__Htemp                    temp         000000
__Htext                    text         000000
__Htext0                   text0        000000
__Htext1                   text1        000000
__Htext10                  text10       000000
__Htext11                  text11       000000
__Htext12                  text12       000000
__Htext13                  text13       000000
__Htext14                  text14       000000
__Htext15                  text15       000000
__Htext16                  text16       000000
__Htext17                  text17       000000
__Htext18                  text18       000000
__Htext19                  text19       000000
__Htext2                   text2        000000
__Htext20                  text20       000000
__Htext21                  text21       000000
__Htext22                  text22       000000
__Htext3                   text3        000000
__Htext4                   text4        000000
__Htext5                   text5        000000
__Htext6                   text6        000000
__Htext7                   text7        000000
__Htext8                   text8        000000
__Htext9                   text9        000000
__LRAM                     (abs)        000001
__Labs1                    abs1         000000
__Lbank0                   bank0        000000
__Lbank1                   bank1        000000
__Lbank10                  bank10       000000
__Lbank11                  bank11       000000
__Lbank12                  bank12       000000
__Lbank13                  bank13       000000
__Lbank14                  bank14       000000
__Lbank15                  bank15       000000
__Lbank2                   bank2        000000
__Lbank3                   bank3        000000
__Lbank4                   bank4        000000
__Lbank5                   bank5        000000
__Lbank6                   bank6        000000
__Lbank7                   bank7        000000
__Lbank8                   bank8        000000
__Lbank9                   bank9        000000
__Lbigbss                  bigbss       000000
__Lbigdata                 bigdata      000000
__Lbigram                  bigram       000000
__Lbss                     bss          000000
__Lcinit                   cinit        000000
__Lclrtext                 clrtext      000000
__Lcomram                  comram       000000
__Lconfig                  config       300000
__Lconst                   const        000000
__LcstackCOMRAM            cstackCOMRAM 000000
__Ldata                    data         000000
__Leeprom_data             eeprom_data  000000
__Lfarbss                  farbss       000000
__Lfardata                 fardata      000000
__Libigdata                ibigdata     000000
__Lidata                   idata        000000
__Lidloc                   idloc        200000
__Lifardata                ifardata     000000
__Linit                    init         000000
__Lintcode                 intcode      000000
__Lintcode_body            intcode_body 000000
__Lintcodelo               intcodelo    000000
__Lintentry                intentry     000000
__Lintret                  intret       000000
__Lintsave_regs            intsave_regs 000000
__Lirdata                  irdata       000000
__Lmediumconst             mediumconst  000000
__LnvFARRAM                nvFARRAM     000000
__Lnvbit                   nvbit        000000
__Lnvrram                  nvrram       000000
__Lparam                   rparam       000000
__Lpowerup                 powerup      000000
__Lram                     ram          000000
__Lramtop                  ramtop       001000
__Lrbit                    rbit         000000
__Lrbss                    rbss         000000
__Lrdata                   rdata        000000
__Lreset_vec               reset_vec    000000
__Lrparam                  rparam       000000
__Lsfr                     sfr          000000
__Lsmallconst              smallconst   001000
__Lspace_0                 (abs)        000000
__Lspace_1                 (abs)        000000
__Lspace_2                 (abs)        000000
__Lstack                   stack        000000
__Lstruct                  struct       000000
__Ltemp                    temp         000000
__Ltext                    text         000000
__Ltext0                   text0        000000
__Ltext1                   text1        000000
__Ltext10                  text10       000000
__Ltext11                  text11       000000
__Ltext12                  text12       000000
__Ltext13                  text13       000000
__Ltext14                  text14       000000
__Ltext15                  text15       000000
__Ltext16                  text16       000000
__Ltext17                  text17       000000
__Ltext18                  text18       000000
__Ltext19                  text19       000000
__Ltext2                   text2        000000
__Ltext20                  text20       000000
__Ltext21                  text21       000000
__Ltext22                  text22       000000
__Ltext3                   text3        000000
__Ltext4                   text4        000000
__Ltext5                   text5        000000
__Ltext6                   text6        000000
__Ltext7                   text7        000000
__Ltext8                   text8        000000
__Ltext9                   text9        000000
__S0                       (abs)        30000E
__S1                       (abs)        00003F
__S2                       (abs)        000000
___awdiv                   text20       0018D6
___awdiv@counter           cstackCOMRAM 00000B
___awdiv@dividend          cstackCOMRAM 000007
___awdiv@divisor           cstackCOMRAM 000009
___awdiv@quotient          cstackCOMRAM 00000D
___awdiv@sign              cstackCOMRAM 00000C
___awmod                   text19       0019C2
___awmod@counter           cstackCOMRAM 000005
___awmod@dividend          cstackCOMRAM 000001
___awmod@divisor           cstackCOMRAM 000003
___awmod@sign              cstackCOMRAM 000006
___flmul                   text11       001046
___flmul@a                 cstackCOMRAM 000013
___flmul@aexp              cstackCOMRAM 000020
___flmul@b                 cstackCOMRAM 00000F
___flmul@bexp              cstackCOMRAM 000021
___flmul@grs               cstackCOMRAM 00001C
___flmul@prod              cstackCOMRAM 000022
___flmul@sign              cstackCOMRAM 00001B
___flmul@temp              cstackCOMRAM 000026
___fltol                   text10       001690
___fltol@exp1              cstackCOMRAM 000031
___fltol@f1                cstackCOMRAM 000028
___fltol@sign1             cstackCOMRAM 000030
___inthi_sp                stack        000000
___intlo_sp                stack        000000
___param_bank              (abs)        000000
___rparam_used             (abs)        000001
___sp                      stack        000000
___xxtofl                  text9        0014B4
___xxtofl@arg              cstackCOMRAM 00000B
___xxtofl@exp              cstackCOMRAM 00000A
___xxtofl@sign             cstackCOMRAM 000009
___xxtofl@val              cstackCOMRAM 000001
__accesstop                (abs)        000060
__activetblptr             (abs)        000001
__end_of_UARTInit          text22       001D00
__end_of_UARTWriteByte     text21       001E3E
__end_of_UARTWriteByteDec  text18       001BF6
__end_of_UARTWriteStrLn    text17       001B84
__end_of___awdiv           text20       0019C2
__end_of___awmod           text19       001A9A
__end_of___flmul           text11       0014B4
__end_of___fltol           text10       0017E2
__end_of___xxtofl          text9        001690
__end_of__initialization   cinit        001E5A
__end_of_abs               text7        001C92
__end_of_configSensor      text13       001D80
__end_of_i2c_ACK           text6        001E20
__end_of_i2c_NAK           text5        001E02
__end_of_i2c_init          text12       001D58
__end_of_i2c_read          text4        001D2C
__end_of_i2c_repStart      text3        001DC4
__end_of_i2c_start         text2        001E5A
__end_of_i2c_stop          text15       001DE4
__end_of_i2c_waitForIdle   text16       001CCA
__end_of_i2c_write         text14       001DA4
__end_of_luxConversion     text8        001C4E
__end_of_main              text0        0018D6
__end_of_readLuminosity    text1        001B10
__initialization           cinit        001E5A
__mediumconst              mediumconst  000000
__pcinit                   cinit        001E5A
__pcstackCOMRAM            cstackCOMRAM 000001
__psmallconst              smallconst   001000
__ptext0                   text0        0017E2
__ptext1                   text1        001A9A
__ptext10                  text10       001690
__ptext11                  text11       001046
__ptext12                  text12       001D2C
__ptext13                  text13       001D58
__ptext14                  text14       001D80
__ptext15                  text15       001DC4
__ptext16                  text16       001C92
__ptext17                  text17       001B10
__ptext18                  text18       001B84
__ptext19                  text19       0019C2
__ptext2                   text2        001E3E
__ptext20                  text20       0018D6
__ptext21                  text21       001E20
__ptext22                  text22       001CCA
__ptext3                   text3        001DA4
__ptext4                   text4        001D00
__ptext5                   text5        001DE4
__ptext6                   text6        001E02
__ptext7                   text7        001C4E
__ptext8                   text8        001BF6
__ptext9                   text9        0014B4
__ramtop                   ramtop       001000
__size_of_UARTInit         (abs)        000000
__size_of_UARTWriteByte    (abs)        000000
__size_of_UARTWriteByteDec (abs)        000000
__size_of_UARTWriteStrLn   (abs)        000000
__size_of___awdiv          (abs)        000000
__size_of___awmod          (abs)        000000
__size_of___flmul          (abs)        000000
__size_of___fltol          (abs)        000000
__size_of___xxtofl         (abs)        000000
__size_of_abs              (abs)        000000
__size_of_configSensor     (abs)        000000
__size_of_i2c_ACK          (abs)        000000
__size_of_i2c_NAK          (abs)        000000
__size_of_i2c_init         (abs)        000000
__size_of_i2c_read         (abs)        000000
__size_of_i2c_repStart     (abs)        000000
__size_of_i2c_start        (abs)        000000
__size_of_i2c_stop         (abs)        000000
__size_of_i2c_waitForIdle  (abs)        000000
__size_of_i2c_write        (abs)        000000
__size_of_luxConversion    (abs)        000000
__size_of_main             (abs)        000000
__size_of_readLuminosity   (abs)        000000
__smallconst               smallconst   001000
_abs                       text7        001C4E
_configSensor              text13       001D58
_i2c_ACK                   text6        001E02
_i2c_NAK                   text5        001DE4
_i2c_init                  text12       001D2C
_i2c_read                  text4        001D00
_i2c_repStart              text3        001DA4
_i2c_start                 text2        001E3E
_i2c_stop                  text15       001DC4
_i2c_waitForIdle           text16       001C92
_i2c_write                 text14       001D80
_luxConversion             text8        001BF6
_main                      text0        0017E2
_readLuminosity            text1        001A9A
abs@a                      cstackCOMRAM 000003
configSensor@LSB           cstackCOMRAM 000003
configSensor@MSB           cstackCOMRAM 000004
configSensor@reg           cstackCOMRAM 000005
end_of_initialization      cinit        001E5A
i2c_read@i2cReadData       cstackCOMRAM 000002
i2c_write@i2cWriteData     cstackCOMRAM 000002
intlevel0                  text         000000
intlevel1                  text         000000
intlevel2                  text         000000
intlevel3                  text         000000
luxConversion@data         cstackCOMRAM 000032
main@lumi                  cstackCOMRAM 00003D
main@lumi_H                cstackCOMRAM 00003B
main@lumi_L                cstackCOMRAM 00003C
readLuminosity@Full_data   cstackCOMRAM 00000D
readLuminosity@LSB_data    cstackCOMRAM 00000B
readLuminosity@MSB_data    cstackCOMRAM 00000C
readLuminosity@reg         cstackCOMRAM 00000A
stackhi                    (abs)        000F37
stacklo                    (abs)        000060
start                      init         000000
start_initialization       cinit        001E5A


FUNCTION INFORMATION:

 *************** function _main *****************
 Defined at:
		line 90 in file "mesure_luminosite.c"
 Parameters:    Size  Location     Type
  argc            2   51[COMRAM] int 
  argv            3   53[COMRAM] PTR PTR unsigned char 
 Auto vars:     Size  Location     Type
  lumi            2   60[COMRAM] unsigned int 
  lumi_L          1   59[COMRAM] unsigned char 
  lumi_H          1   58[COMRAM] unsigned char 
 Return value:  Size  Location     Type
                  2   51[COMRAM] int 
 Registers used:
		wreg, status,2, status,0, tblptrl, tblptrh, tblptru, prodl, prodh, cstack
 Tracked objects:
		On entry : 
		On exit  : 
		Unchanged: 
 Data sizes:     COMRAM   BANK0   BANK1   BANK2   BANK3   BANK4   BANK5   BANK6   BANK7   BANK8   BANK9  BANK10  BANK11  BANK12  BANK13  BANK14  BANK15
      Params:         5       0       0       0       0       0       0       0       0       0       0       0       0       0       0       0       0
      Locals:         4       0       0       0       0       0       0       0       0       0       0       0       0       0       0       0       0
      Temps:          2       0       0       0       0       0       0       0       0       0       0       0       0       0       0       0       0
      Totals:        11       0       0       0       0       0       0       0       0       0       0       0       0       0       0       0       0
Total ram usage:       11 bytes
 Hardware stack levels required when called:    3
 This function calls:
		_UARTInit
		_UARTWriteByteDec
		_UARTWriteStrLn
		_configSensor
		_i2c_init
		_i2c_start
		_luxConversion
		_readLuminosity
 This function is called by:
		Startup code after reset
 This function uses a non-reentrant model


 *************** function _readLuminosity *****************
 Defined at:
		line 9 in file "VEML7700.c"
 Parameters:    Size  Location     Type
  reg             1    wreg     unsigned char 
 Auto vars:     Size  Location     Type
  reg             1    9[COMRAM] unsigned char 
  Full_data       2   12[COMRAM] unsigned int 
  MSB_data        1   11[COMRAM] unsigned char 
  LSB_data        1   10[COMRAM] unsigned char 
 Return value:  Size  Location     Type
                  2    6[COMRAM] unsigned int 
 Registers used:
		wreg, status,2, status,0, cstack
 Tracked objects:
		On entry : 
		On exit  : 
		Unchanged: 
 Data sizes:     COMRAM   BANK0   BANK1   BANK2   BANK3   BANK4   BANK5   BANK6   BANK7   BANK8   BANK9  BANK10  BANK11  BANK12  BANK13  BANK14  BANK15
      Params:         2       0       0       0       0       0       0       0       0       0       0       0       0       0       0       0       0
      Locals:         5       0       0       0       0       0       0       0       0       0       0       0       0       0       0       0       0
      Temps:          1       0       0       0       0       0       0       0       0       0       0       0       0       0       0       0       0
      Totals:         8       0       0       0       0       0       0       0       0       0       0       0       0       0       0       0       0
Total ram usage:        8 bytes
 Hardware stack levels used:    1
 Hardware stack levels required when called:    2
 This function calls:
		_abs
		_i2c_ACK
		_i2c_NAK
		_i2c_read
		_i2c_repStart
		_i2c_start
		_i2c_stop
		_i2c_write
 This function is called by:
		_main
 This function uses a non-reentrant model


 *************** function _i2c_start *****************
 Defined at:
		line 46 in file "i2c.c"
 Parameters:    Size  Location     Type
		None
 Auto vars:     Size  Location     Type
		None
 Return value:  Size  Location     Type
                  1    wreg      void 
 Registers used:
		None
 Tracked objects:
		On entry : 
		On exit  : 
		Unchanged: 
 Data sizes:     COMRAM   BANK0   BANK1   BANK2   BANK3   BANK4   BANK5   BANK6   BANK7   BANK8   BANK9  BANK10  BANK11  BANK12  BANK13  BANK14  BANK15
      Params:         0       0       0       0       0       0       0       0       0       0       0       0       0       0       0       0       0
      Locals:         0       0       0       0       0       0       0       0       0       0       0       0       0       0       0       0       0
      Temps:          0       0       0       0       0       0       0       0       0       0       0       0       0       0       0       0       0
      Totals:         0       0       0       0       0       0       0       0       0       0       0       0       0       0       0       0       0
Total ram usage:        0 bytes
 Hardware stack levels used:    1
 This function calls:
		Nothing
 This function is called by:
		_main
		_readLuminosity
 This function uses a non-reentrant model


 *************** function _i2c_repStart *****************
 Defined at:
		line 53 in file "i2c.c"
 Parameters:    Size  Location     Type
		None
 Auto vars:     Size  Location     Type
		None
 Return value:  Size  Location     Type
                  1    wreg      void 
 Registers used:
		wreg, status,2, status,0, cstack
 Tracked objects:
		On entry : 
		On exit  : 
		Unchanged: 
 Data sizes:     COMRAM   BANK0   BANK1   BANK2   BANK3   BANK4   BANK5   BANK6   BANK7   BANK8   BANK9  BANK10  BANK11  BANK12  BANK13  BANK14  BANK15
      Params:         0       0       0       0       0       0       0       0       0       0       0       0       0       0       0       0       0
      Locals:         0       0       0       0       0       0       0       0       0       0       0       0       0       0       0       0       0
      Temps:          0       0       0       0       0       0       0       0       0       0       0       0       0       0       0       0       0
      Totals:         0       0       0       0       0       0       0       0       0       0       0       0       0       0       0       0       0
Total ram usage:        0 bytes
 Hardware stack levels used:    1
 Hardware stack levels required when called:    1
 This function calls:
		_i2c_waitForIdle
 This function is called by:
		_readLuminosity
 This function uses a non-reentrant model


 *************** function _i2c_read *****************
 Defined at:
		line 86 in file "i2c.c"
 Parameters:    Size  Location     Type
		None
 Auto vars:     Size  Location     Type
  i2cReadData     1    1[COMRAM] unsigned char 
 Return value:  Size  Location     Type
                  1    wreg      unsigned char 
 Registers used:
		wreg, status,2, status,0, cstack
 Tracked objects:
		On entry : 
		On exit  : 
		Unchanged: 
 Data sizes:     COMRAM   BANK0   BANK1   BANK2   BANK3   BANK4   BANK5   BANK6   BANK7   BANK8   BANK9  BANK10  BANK11  BANK12  BANK13  BANK14  BANK15
      Params:         0       0       0       0       0       0       0       0       0       0       0       0       0       0       0       0       0
      Locals:         1       0       0       0       0       0       0       0       0       0       0       0       0       0       0       0       0
      Temps:          0       0       0       0       0       0       0       0       0       0       0       0       0       0       0       0       0
      Totals:         1       0       0       0       0       0       0       0       0       0       0       0       0       0       0       0       0
Total ram usage:        1 bytes
 Hardware stack levels used:    1
 Hardware stack levels required when called:    1
 This function calls:
		_i2c_waitForIdle
 This function is called by:
		_readLuminosity
 This function uses a non-reentrant model


 *************** function _i2c_NAK *****************
 Defined at:
		line 78 in file "i2c.c"
 Parameters:    Size  Location     Type
		None
 Auto vars:     Size  Location     Type
		None
 Return value:  Size  Location     Type
                  1    wreg      void 
 Registers used:
		None
 Tracked objects:
		On entry : 
		On exit  : 
		Unchanged: 
 Data sizes:     COMRAM   BANK0   BANK1   BANK2   BANK3   BANK4   BANK5   BANK6   BANK7   BANK8   BANK9  BANK10  BANK11  BANK12  BANK13  BANK14  BANK15
      Params:         0       0       0       0       0       0       0       0       0       0       0       0       0       0       0       0       0
      Locals:         0       0       0       0       0       0       0       0       0       0       0       0       0       0       0       0       0
      Temps:          0       0       0       0       0       0       0       0       0       0       0       0       0       0       0       0       0
      Totals:         0       0       0       0       0       0       0       0       0       0       0       0       0       0       0       0       0
Total ram usage:        0 bytes
 Hardware stack levels used:    1
 This function calls:
		Nothing
 This function is called by:
		_readLuminosity
 This function uses a non-reentrant model


 *************** function _i2c_ACK *****************
 Defined at:
		line 71 in file "i2c.c"
 Parameters:    Size  Location     Type
		None
 Auto vars:     Size  Location     Type
		None
 Return value:  Size  Location     Type
                  1    wreg      void 
 Registers used:
		None
 Tracked objects:
		On entry : 
		On exit  : 
		Unchanged: 
 Data sizes:     COMRAM   BANK0   BANK1   BANK2   BANK3   BANK4   BANK5   BANK6   BANK7   BANK8   BANK9  BANK10  BANK11  BANK12  BANK13  BANK14  BANK15
      Params:         0       0       0       0       0       0       0       0       0       0       0       0       0       0       0       0       0
      Locals:         0       0       0       0       0       0       0       0       0       0       0       0       0       0       0       0       0
      Temps:          0       0       0       0       0       0       0       0       0       0       0       0       0       0       0       0       0
      Totals:         0       0       0       0       0       0       0       0       0       0       0       0       0       0       0       0       0
Total ram usage:        0 bytes
 Hardware stack levels used:    1
 This function calls:
		Nothing
 This function is called by:
		_readLuminosity
 This function uses a non-reentrant model


 *************** function _abs *****************
 Defined at:
		line 1 in file "/opt/microchip/xc8/v2.00/pic/sources/c99/common/abs.c"
 Parameters:    Size  Location     Type
  a               2    2[COMRAM] int 
 Auto vars:     Size  Location     Type
		None
 Return value:  Size  Location     Type
                  2    2[COMRAM] int 
 Registers used:
		wreg, status,2, status,0
 Tracked objects:
		On entry : 
		On exit  : 
		Unchanged: 
 Data sizes:     COMRAM   BANK0   BANK1   BANK2   BANK3   BANK4   BANK5   BANK6   BANK7   BANK8   BANK9  BANK10  BANK11  BANK12  BANK13  BANK14  BANK15
      Params:         2       0       0       0       0       0       0       0       0       0       0       0       0       0       0       0       0
      Locals:         0       0       0       0       0       0       0       0       0       0       0       0       0       0       0       0       0
      Temps:          2       0       0       0       0       0       0       0       0       0       0       0       0       0       0       0       0
      Totals:         4       0       0       0       0       0       0       0       0       0       0       0       0       0       0       0       0
Total ram usage:        4 bytes
 Hardware stack levels used:    1
 This function calls:
		Nothing
 This function is called by:
		_readLuminosity
 This function uses a non-reentrant model


 *************** function _luxConversion *****************
 Defined at:
		line 39 in file "VEML7700.c"
 Parameters:    Size  Location     Type
  data            2   49[COMRAM] unsigned int 
 Auto vars:     Size  Location     Type
		None
 Return value:  Size  Location     Type
                  2   49[COMRAM] unsigned int 
 Registers used:
		wreg, status,2, status,0, prodl, prodh, cstack
 Tracked objects:
		On entry : 
		On exit  : 
		Unchanged: 
 Data sizes:     COMRAM   BANK0   BANK1   BANK2   BANK3   BANK4   BANK5   BANK6   BANK7   BANK8   BANK9  BANK10  BANK11  BANK12  BANK13  BANK14  BANK15
      Params:         2       0       0       0       0       0       0       0       0       0       0       0       0       0       0       0       0
      Locals:         0       0       0       0       0       0       0       0       0       0       0       0       0       0       0       0       0
      Temps:          0       0       0       0       0       0       0       0       0       0       0       0       0       0       0       0       0
      Totals:         2       0       0       0       0       0       0       0       0       0       0       0       0       0       0       0       0
Total ram usage:        2 bytes
 Hardware stack levels used:    1
 Hardware stack levels required when called:    1
 This function calls:
		___flmul
		___fltol
		___xxtofl
 This function is called by:
		_main
 This function uses a non-reentrant model


 *************** function ___xxtofl *****************
 Defined at:
		line 10 in file "/opt/microchip/xc8/v2.00/pic/sources/c99/common/xxtofl.c"
 Parameters:    Size  Location     Type
  sign            1    wreg     unsigned char 
  val             4    0[COMRAM] long 
 Auto vars:     Size  Location     Type
  sign            1    8[COMRAM] unsigned char 
  arg             4   10[COMRAM] unsigned long 
  exp             1    9[COMRAM] unsigned char 
 Return value:  Size  Location     Type
                  4    0[COMRAM] unsigned char 
 Registers used:
		wreg, status,2, status,0
 Tracked objects:
		On entry : 
		On exit  : 
		Unchanged: 
 Data sizes:     COMRAM   BANK0   BANK1   BANK2   BANK3   BANK4   BANK5   BANK6   BANK7   BANK8   BANK9  BANK10  BANK11  BANK12  BANK13  BANK14  BANK15
      Params:         4       0       0       0       0       0       0       0       0       0       0       0       0       0       0       0       0
      Locals:         6       0       0       0       0       0       0       0       0       0       0       0       0       0       0       0       0
      Temps:          4       0       0       0       0       0       0       0       0       0       0       0       0       0       0       0       0
      Totals:        14       0       0       0       0       0       0       0       0       0       0       0       0       0       0       0       0
Total ram usage:       14 bytes
 Hardware stack levels used:    1
 This function calls:
		Nothing
 This function is called by:
		_luxConversion
 This function uses a non-reentrant model


 *************** function ___fltol *****************
 Defined at:
		line 43 in file "/opt/microchip/xc8/v2.00/pic/sources/c99/common/fltol.c"
 Parameters:    Size  Location     Type
  f1              4   39[COMRAM] unsigned char 
 Auto vars:     Size  Location     Type
  exp1            1   48[COMRAM] unsigned char 
  sign1           1   47[COMRAM] unsigned char 
 Return value:  Size  Location     Type
                  4   39[COMRAM] long 
 Registers used:
		wreg, status,2, status,0
 Tracked objects:
		On entry : 
		On exit  : 
		Unchanged: 
 Data sizes:     COMRAM   BANK0   BANK1   BANK2   BANK3   BANK4   BANK5   BANK6   BANK7   BANK8   BANK9  BANK10  BANK11  BANK12  BANK13  BANK14  BANK15
      Params:         4       0       0       0       0       0       0       0       0       0       0       0       0       0       0       0       0
      Locals:         2       0       0       0       0       0       0       0       0       0       0       0       0       0       0       0       0
      Temps:          4       0       0       0       0       0       0       0       0       0       0       0       0       0       0       0       0
      Totals:        10       0       0       0       0       0       0       0       0       0       0       0       0       0       0       0       0
Total ram usage:       10 bytes
 Hardware stack levels used:    1
 This function calls:
		Nothing
 This function is called by:
		_luxConversion
 This function uses a non-reentrant model


 *************** function ___flmul *****************
 Defined at:
		line 8 in file "/opt/microchip/xc8/v2.00/pic/sources/c99/common/sprcmul.c"
 Parameters:    Size  Location     Type
  b               4   14[COMRAM] long 
  a               4   18[COMRAM] long 
 Auto vars:     Size  Location     Type
  prod            4   33[COMRAM] struct .
  grs             4   27[COMRAM] unsigned long 
  temp            2   37[COMRAM] struct .
  bexp            1   32[COMRAM] unsigned char 
  aexp            1   31[COMRAM] unsigned char 
  sign            1   26[COMRAM] unsigned char 
 Return value:  Size  Location     Type
                  4   14[COMRAM] unsigned char 
 Registers used:
		wreg, status,2, status,0, prodl, prodh
 Tracked objects:
		On entry : 
		On exit  : 
		Unchanged: 
 Data sizes:     COMRAM   BANK0   BANK1   BANK2   BANK3   BANK4   BANK5   BANK6   BANK7   BANK8   BANK9  BANK10  BANK11  BANK12  BANK13  BANK14  BANK15
      Params:         8       0       0       0       0       0       0       0       0       0       0       0       0       0       0       0       0
      Locals:        13       0       0       0       0       0       0       0       0       0       0       0       0       0       0       0       0
      Temps:          4       0       0       0       0       0       0       0       0       0       0       0       0       0       0       0       0
      Totals:        25       0       0       0       0       0       0       0       0       0       0       0       0       0       0       0       0
Total ram usage:       25 bytes
 Hardware stack levels used:    1
 This function calls:
		Nothing
 This function is called by:
		_luxConversion
 This function uses a non-reentrant model


 *************** function _i2c_init *****************
 Defined at:
		line 15 in file "i2c.c"
 Parameters:    Size  Location     Type
		None
 Auto vars:     Size  Location     Type
		None
 Return value:  Size  Location     Type
                  1    wreg      void 
 Registers used:
		wreg, status,2
 Tracked objects:
		On entry : 
		On exit  : 
		Unchanged: 
 Data sizes:     COMRAM   BANK0   BANK1   BANK2   BANK3   BANK4   BANK5   BANK6   BANK7   BANK8   BANK9  BANK10  BANK11  BANK12  BANK13  BANK14  BANK15
      Params:         0       0       0       0       0       0       0       0       0       0       0       0       0       0       0       0       0
      Locals:         0       0       0       0       0       0       0       0       0       0       0       0       0       0       0       0       0
      Temps:          0       0       0       0       0       0       0       0       0       0       0       0       0       0       0       0       0
      Totals:         0       0       0       0       0       0       0       0       0       0       0       0       0       0       0       0       0
Total ram usage:        0 bytes
 Hardware stack levels used:    1
 This function calls:
		Nothing
 This function is called by:
		_main
 This function uses a non-reentrant model


 *************** function _configSensor *****************
 Defined at:
		line 30 in file "VEML7700.c"
 Parameters:    Size  Location     Type
  reg             1    wreg     unsigned char 
  LSB             1    2[COMRAM] unsigned char 
  MSB             1    3[COMRAM] unsigned char 
 Auto vars:     Size  Location     Type
  reg             1    4[COMRAM] unsigned char 
 Return value:  Size  Location     Type
                  1    wreg      void 
 Registers used:
		wreg, status,2, status,0, cstack
 Tracked objects:
		On entry : 
		On exit  : 
		Unchanged: 
 Data sizes:     COMRAM   BANK0   BANK1   BANK2   BANK3   BANK4   BANK5   BANK6   BANK7   BANK8   BANK9  BANK10  BANK11  BANK12  BANK13  BANK14  BANK15
      Params:         2       0       0       0       0       0       0       0       0       0       0       0       0       0       0       0       0
      Locals:         1       0       0       0       0       0       0       0       0       0       0       0       0       0       0       0       0
      Temps:          0       0       0       0       0       0       0       0       0       0       0       0       0       0       0       0       0
      Totals:         3       0       0       0       0       0       0       0       0       0       0       0       0       0       0       0       0
Total ram usage:        3 bytes
 Hardware stack levels used:    1
 Hardware stack levels required when called:    2
 This function calls:
		_i2c_stop
		_i2c_write
 This function is called by:
		_main
 This function uses a non-reentrant model


 *************** function _i2c_write *****************
 Defined at:
		line 100 in file "i2c.c"
 Parameters:    Size  Location     Type
  i2cWriteData    1    wreg     unsigned char 
 Auto vars:     Size  Location     Type
  i2cWriteData    1    1[COMRAM] unsigned char 
 Return value:  Size  Location     Type
                  1    wreg      void 
 Registers used:
		wreg, status,2, status,0, cstack
 Tracked objects:
		On entry : 
		On exit  : 
		Unchanged: 
 Data sizes:     COMRAM   BANK0   BANK1   BANK2   BANK3   BANK4   BANK5   BANK6   BANK7   BANK8   BANK9  BANK10  BANK11  BANK12  BANK13  BANK14  BANK15
      Params:         0       0       0       0       0       0       0       0       0       0       0       0       0       0       0       0       0
      Locals:         1       0       0       0       0       0       0       0       0       0       0       0       0       0       0       0       0
      Temps:          0       0       0       0       0       0       0       0       0       0       0       0       0       0       0       0       0
      Totals:         1       0       0       0       0       0       0       0       0       0       0       0       0       0       0       0       0
Total ram usage:        1 bytes
 Hardware stack levels used:    1
 Hardware stack levels required when called:    1
 This function calls:
		_i2c_waitForIdle
 This function is called by:
		_readLuminosity
		_configSensor
 This function uses a non-reentrant model


 *************** function _i2c_stop *****************
 Defined at:
		line 62 in file "i2c.c"
 Parameters:    Size  Location     Type
		None
 Auto vars:     Size  Location     Type
		None
 Return value:  Size  Location     Type
                  1    wreg      void 
 Registers used:
		wreg, status,2, status,0, cstack
 Tracked objects:
		On entry : 
		On exit  : 
		Unchanged: 
 Data sizes:     COMRAM   BANK0   BANK1   BANK2   BANK3   BANK4   BANK5   BANK6   BANK7   BANK8   BANK9  BANK10  BANK11  BANK12  BANK13  BANK14  BANK15
      Params:         0       0       0       0       0       0       0       0       0       0       0       0       0       0       0       0       0
      Locals:         0       0       0       0       0       0       0       0       0       0       0       0       0       0       0       0       0
      Temps:          0       0       0       0       0       0       0       0       0       0       0       0       0       0       0       0       0
      Totals:         0       0       0       0       0       0       0       0       0       0       0       0       0       0       0       0       0
Total ram usage:        0 bytes
 Hardware stack levels used:    1
 Hardware stack levels required when called:    1
 This function calls:
		_i2c_waitForIdle
 This function is called by:
		_readLuminosity
		_configSensor
 This function uses a non-reentrant model


 *************** function _i2c_waitForIdle *****************
 Defined at:
		line 40 in file "i2c.c"
 Parameters:    Size  Location     Type
		None
 Auto vars:     Size  Location     Type
		None
 Return value:  Size  Location     Type
                  1    wreg      void 
 Registers used:
		wreg, status,2, status,0
 Tracked objects:
		On entry : 
		On exit  : 
		Unchanged: 
 Data sizes:     COMRAM   BANK0   BANK1   BANK2   BANK3   BANK4   BANK5   BANK6   BANK7   BANK8   BANK9  BANK10  BANK11  BANK12  BANK13  BANK14  BANK15
      Params:         0       0       0       0       0       0       0       0       0       0       0       0       0       0       0       0       0
      Locals:         0       0       0       0       0       0       0       0       0       0       0       0       0       0       0       0       0
      Temps:          1       0       0       0       0       0       0       0       0       0       0       0       0       0       0       0       0
      Totals:         1       0       0       0       0       0       0       0       0       0       0       0       0       0       0       0       0
Total ram usage:        1 bytes
 Hardware stack levels used:    1
 This function calls:
		Nothing
 This function is called by:
		_i2c_repStart
		_i2c_stop
		_i2c_read
		_i2c_write
 This function uses a non-reentrant model


 *************** function _UARTWriteStrLn *****************
 Defined at:
		line 72 in file "uart.c"
 Parameters:    Size  Location     Type
  string          2    1[COMRAM] PTR unsigned char 
		 -> STR_7(5), STR_6(5), STR_5(5), STR_4(11), 
		 -> STR_3(8), STR_2(5), STR_1(12), 
 Auto vars:     Size  Location     Type
  i               1    5[COMRAM] unsigned char 
 Return value:  Size  Location     Type
                  1    wreg      void 
 Registers used:
		wreg, status,2, status,0, tblptrl, tblptrh, tblptru, prodl, prodh, cstack
 Tracked objects:
		On entry : 
		On exit  : 
		Unchanged: 
 Data sizes:     COMRAM   BANK0   BANK1   BANK2   BANK3   BANK4   BANK5   BANK6   BANK7   BANK8   BANK9  BANK10  BANK11  BANK12  BANK13  BANK14  BANK15
      Params:         2       0       0       0       0       0       0       0       0       0       0       0       0       0       0       0       0
      Locals:         1       0       0       0       0       0       0       0       0       0       0       0       0       0       0       0       0
      Temps:          2       0       0       0       0       0       0       0       0       0       0       0       0       0       0       0       0
      Totals:         5       0       0       0       0       0       0       0       0       0       0       0       0       0       0       0       0
Total ram usage:        5 bytes
 Hardware stack levels used:    1
 Hardware stack levels required when called:    1
 This function calls:
		_UARTWriteByte
 This function is called by:
		_main
 This function uses a non-reentrant model


 *************** function _UARTWriteByteDec *****************
 Defined at:
		line 93 in file "uart.c"
 Parameters:    Size  Location     Type
  data            1    wreg     unsigned char 
 Auto vars:     Size  Location     Type
  data            1   14[COMRAM] unsigned char 
 Return value:  Size  Location     Type
                  1    wreg      void 
 Registers used:
		wreg, status,2, status,0, cstack
 Tracked objects:
		On entry : 
		On exit  : 
		Unchanged: 
 Data sizes:     COMRAM   BANK0   BANK1   BANK2   BANK3   BANK4   BANK5   BANK6   BANK7   BANK8   BANK9  BANK10  BANK11  BANK12  BANK13  BANK14  BANK15
      Params:         0       0       0       0       0       0       0       0       0       0       0       0       0       0       0       0       0
      Locals:         1       0       0       0       0       0       0       0       0       0       0       0       0       0       0       0       0
      Temps:          0       0       0       0       0       0       0       0       0       0       0       0       0       0       0       0       0
      Totals:         1       0       0       0       0       0       0       0       0       0       0       0       0       0       0       0       0
Total ram usage:        1 bytes
 Hardware stack levels used:    1
 Hardware stack levels required when called:    1
 This function calls:
		_UARTWriteByte
		___awdiv
		___awmod
 This function is called by:
		_main
 This function uses a non-reentrant model


 *************** function ___awmod *****************
 Defined at:
		line 7 in file "/opt/microchip/xc8/v2.00/pic/sources/c99/common/awmod.c"
 Parameters:    Size  Location     Type
  dividend        2    0[COMRAM] int 
  divisor         2    2[COMRAM] int 
 Auto vars:     Size  Location     Type
  sign            1    5[COMRAM] unsigned char 
  counter         1    4[COMRAM] unsigned char 
 Return value:  Size  Location     Type
                  2    0[COMRAM] int 
 Registers used:
		wreg, status,2, status,0
 Tracked objects:
		On entry : 
		On exit  : 
		Unchanged: 
 Data sizes:     COMRAM   BANK0   BANK1   BANK2   BANK3   BANK4   BANK5   BANK6   BANK7   BANK8   BANK9  BANK10  BANK11  BANK12  BANK13  BANK14  BANK15
      Params:         4       0       0       0       0       0       0       0       0       0       0       0       0       0       0       0       0
      Locals:         2       0       0       0       0       0       0       0       0       0       0       0       0       0       0       0       0
      Temps:          0       0       0       0       0       0       0       0       0       0       0       0       0       0       0       0       0
      Totals:         6       0       0       0       0       0       0       0       0       0       0       0       0       0       0       0       0
Total ram usage:        6 bytes
 Hardware stack levels used:    1
 This function calls:
		Nothing
 This function is called by:
		_UARTWriteByteDec
 This function uses a non-reentrant model


 *************** function ___awdiv *****************
 Defined at:
		line 7 in file "/opt/microchip/xc8/v2.00/pic/sources/c99/common/awdiv.c"
 Parameters:    Size  Location     Type
  dividend        2    6[COMRAM] int 
  divisor         2    8[COMRAM] int 
 Auto vars:     Size  Location     Type
  quotient        2   12[COMRAM] int 
  sign            1   11[COMRAM] unsigned char 
  counter         1   10[COMRAM] unsigned char 
 Return value:  Size  Location     Type
                  2    6[COMRAM] int 
 Registers used:
		wreg, status,2, status,0
 Tracked objects:
		On entry : 
		On exit  : 
		Unchanged: 
 Data sizes:     COMRAM   BANK0   BANK1   BANK2   BANK3   BANK4   BANK5   BANK6   BANK7   BANK8   BANK9  BANK10  BANK11  BANK12  BANK13  BANK14  BANK15
      Params:         4       0       0       0       0       0       0       0       0       0       0       0       0       0       0       0       0
      Locals:         4       0       0       0       0       0       0       0       0       0       0       0       0       0       0       0       0
      Temps:          0       0       0       0       0       0       0       0       0       0       0       0       0       0       0       0       0
      Totals:         8       0       0       0       0       0       0       0       0       0       0       0       0       0       0       0       0
Total ram usage:        8 bytes
 Hardware stack levels used:    1
 This function calls:
		Nothing
 This function is called by:
		_UARTWriteByteDec
		_UARTWriteByteHex
 This function uses a non-reentrant model


 *************** function _UARTWriteByte *****************
 Defined at:
		line 52 in file "uart.c"
 Parameters:    Size  Location     Type
  data            1    wreg     unsigned char 
 Auto vars:     Size  Location     Type
  data            1    0[COMRAM] unsigned char 
 Return value:  Size  Location     Type
                  1    wreg      void 
 Registers used:
		wreg
 Tracked objects:
		On entry : 
		On exit  : 
		Unchanged: 
 Data sizes:     COMRAM   BANK0   BANK1   BANK2   BANK3   BANK4   BANK5   BANK6   BANK7   BANK8   BANK9  BANK10  BANK11  BANK12  BANK13  BANK14  BANK15
      Params:         0       0       0       0       0       0       0       0       0       0       0       0       0       0       0       0       0
      Locals:         1       0       0       0       0       0       0       0       0       0       0       0       0       0       0       0       0
      Temps:          0       0       0       0       0       0       0       0       0       0       0       0       0       0       0       0       0
      Totals:         1       0       0       0       0       0       0       0       0       0       0       0       0       0       0       0       0
Total ram usage:        1 bytes
 Hardware stack levels used:    1
 This function calls:
		Nothing
 This function is called by:
		_UARTWriteStrLn
		_UARTWriteByteDec
		_UARTWriteStr
		_UARTWriteByteHex
 This function uses a non-reentrant model


 *************** function _UARTInit *****************
 Defined at:
		line 16 in file "uart.c"
 Parameters:    Size  Location     Type
  baudRate        2    0[COMRAM] unsigned int 
 Auto vars:     Size  Location     Type
		None
 Return value:  Size  Location     Type
                  1    wreg      void 
 Registers used:
		wreg, status,2
 Tracked objects:
		On entry : 
		On exit  : 
		Unchanged: 
 Data sizes:     COMRAM   BANK0   BANK1   BANK2   BANK3   BANK4   BANK5   BANK6   BANK7   BANK8   BANK9  BANK10  BANK11  BANK12  BANK13  BANK14  BANK15
      Params:         2       0       0       0       0       0       0       0       0       0       0       0       0       0       0       0       0
      Locals:         0       0       0       0       0       0       0       0       0       0       0       0       0       0       0       0       0
      Temps:          0       0       0       0       0       0       0       0       0       0       0       0       0       0       0       0       0
      Totals:         2       0       0       0       0       0       0       0       0       0       0       0       0       0       0       0       0
Total ram usage:        2 bytes
 Hardware stack levels used:    1
 This function calls:
		Nothing
 This function is called by:
		_main
 This function uses a non-reentrant model



MODULE INFORMATION

Module		Function		Class		Link	Load	Size
/opt/microchip/xc8/v2.00/pic/sources/c99/common/awdiv.c
		___awdiv       		CODE           	18D6	0000	237

/opt/microchip/xc8/v2.00/pic/sources/c99/common/awdiv.c estimated size: 237

uart.c
		_UARTWriteByteDec		CODE           	1B84	0000	115
		_UARTWriteByte 		CODE           	1E20	0000	31
		_UARTInit      		CODE           	1CCA	0000	55
		_UARTWriteStrLn		CODE           	1B10	0000	117

uart.c estimated size: 318

i2c.c
		_i2c_NAK       		CODE           	1DE4	0000	31
		_i2c_start     		CODE           	1E3E	0000	29
		_i2c_repStart  		CODE           	1DA4	0000	33
		_i2c_waitForIdle		CODE           	1C92	0000	57
		_i2c_ACK       		CODE           	1E02	0000	31
		_i2c_write     		CODE           	1D80	0000	37
		_i2c_stop      		CODE           	1DC4	0000	33
		_i2c_read      		CODE           	1D00	0000	45
		_i2c_init      		CODE           	1D2C	0000	45

i2c.c estimated size: 341

mesure_luminosite.c
		_main          		CODE           	17E2	0000	245

mesure_luminosite.c estimated size: 245

/opt/microchip/xc8/v2.00/pic/sources/c99/common/abs.c
		_abs           		CODE           	1C4E	0000	69

/opt/microchip/xc8/v2.00/pic/sources/c99/common/abs.c estimated size: 69

VEML7700.c
		_configSensor  		CODE           	1D58	0000	41
		_readLuminosity		CODE           	1A9A	0000	119
		_luxConversion 		CODE           	1BF6	0000	89

VEML7700.c estimated size: 249

/opt/microchip/xc8/v2.00/pic/sources/c99/common/xxtofl.c
		___xxtofl      		CODE           	14B4	0000	477

/opt/microchip/xc8/v2.00/pic/sources/c99/common/xxtofl.c estimated size: 477

/opt/microchip/xc8/v2.00/pic/sources/c99/common/sprcmul.c
		___flmul       		CODE           	1046	0000	1135

/opt/microchip/xc8/v2.00/pic/sources/c99/common/sprcmul.c estimated size: 1135

shared
		__initialization		CODE           	1E5A	0000	1

shared estimated size: 1

/opt/microchip/xc8/v2.00/pic/sources/c99/common/awmod.c
		___awmod       		CODE           	19C2	0000	217

/opt/microchip/xc8/v2.00/pic/sources/c99/common/awmod.c estimated size: 217

/opt/microchip/xc8/v2.00/pic/sources/c99/common/fltol.c
		___fltol       		CODE           	1690	0000	339

/opt/microchip/xc8/v2.00/pic/sources/c99/common/fltol.c estimated size: 339

