Microchip MPLAB XC8 Compiler V2.00 ()

Linker command line:

-W-3 --edf=/opt/microchip/xc8/v2.00/pic/dat/en_msgs.txt -cs \
  -h+dist/default/production/Prog_Test_LoRa_TX.X.production.sym \
  --cmf=dist/default/production/Prog_Test_LoRa_TX.X.production.cmf -z \
  -Q18F26K22 -o/tmp/xcXsyuct6 --defsym=__MPLAB_BUILD=1 \
  -Mdist/default/production/Prog_Test_LoRa_TX.X.production.map -E1 -ver=XC8 \
  --acfsm=1493 -ASTACK=0200h-0f37h -pstack=STACK -ACODE=00h-0FFFFh \
  -ACONST=00h-0FFFFh -ASMALLCONST=01000h-010FFhx240 \
  -AMEDIUMCONST=01000h-0FFFFh -ACOMRAM=01h-05Fh -AABS1=00h-0F37h \
  -ABIGRAM=01h-0F37h -ARAM=060h-0FFh,0100h-01FFhx14,0F00h-0F37h \
  -ABANK0=060h-0FFh -ABANK1=0100h-01FFh -ABANK2=0200h-02FFh \
  -ABANK3=0300h-03FFh -ABANK4=0400h-04FFh -ABANK5=0500h-05FFh \
  -ABANK6=0600h-06FFh -ABANK7=0700h-07FFh -ABANK8=0800h-08FFh \
  -ABANK9=0900h-09FFh -ABANK10=0A00h-0AFFh -ABANK11=0B00h-0BFFh \
  -ABANK12=0C00h-0CFFh -ABANK13=0D00h-0DFFh -ABANK14=0E00h-0EFFh \
  -ABANK15=0F00h-0F37h -ASFR=0F38h-0F5Fh,0F60h-0FFFh \
  -preset_vec=00h,intcode,intcodelo,powerup,init -pramtop=01000h \
  -psmallconst=SMALLCONST -pmediumconst=MEDIUMCONST -pconst=CONST \
  -AFARRAM=00h-00h -ACONFIG=0300000h-030000Dh -pconfig=CONFIG \
  -AIDLOC=0200000h-0200007h -pidloc=IDLOC -AEEDATA=0F00000h-0F003FFh \
  -peeprom_data=EEDATA \
  -prdata=COMRAM,nvrram=COMRAM,nvbit=COMRAM,rbss=COMRAM,rbit=COMRAM \
  -pfarbss=FARRAM,fardata=FARRAM,nvFARRAM=FARRAM \
  -pintsave_regs=BIGRAM,bigbss=BIGRAM,bigdata=BIGRAM -pbss=RAM \
  -pidata=CODE,irdata=CODE,ibigdata=CODE,ifardata=CODE -prparam=COMRAM \
  /tmp/xcXGj0hsW.o dist/default/production/Prog_Test_LoRa_TX.X.production.o 

Object code version is 3.11

Machine type is 18F26K22

Call graph: (short form)




                Name                               Link     Load   Length Selector   Space Scale
/tmp/xcXGj0hsW.o
                init                                  0        0        4        0       0
                idloc                            200000   200000        8   200000       0
                config                           300000   300000        E   300000       0
dist/default/production/Prog_Test_LoRa_TX.X.production.o
                text14                             FC6E     FC6E       40     7E37       0
                text13                             FB8C     FB8C       16     7DC6       0
                text12                             FBFC     FBFC       24     7DFE       0
                text11                             FBA2     FBA2       1A     7DD1       0
                text10                             FF08     FF08       F8     7F84       0
                text9                              FB6A     FB6A       10     7DB5       0
                text8                              FC46     FC46       28     7E23       0
                text7                              FBBC     FBBC       1E     7DDE       0
                text6                              FCAE     FCAE       44     7E57       0
                text5                              FCF2     FCF2       44     7E79       0
                text4                              FC20     FC20       26     7E10       0
                text3                              FBDA     FBDA       22     7DED       0
                text2                              FD36     FD36       4A     7E9B       0
                text1                              FD80     FD80       AE     7EC0       0
                text0                              FE2E     FE2E       DA     7F17       0
                cstackCOMRAM                          1        1       45        1       1
                cstackBANK1                         100      100      100      100       1
                bssCOMRAM                            46       46       15        1       1
                cinit                              FB7A     FB7A       12     7DBD       0

TOTAL           Name                               Link     Load   Length     Space
        CLASS   STACK          

        CLASS   CODE           
                init                                  0        0        4         0
                text14                             FC6E     FC6E       40         0
                text13                             FB8C     FB8C       16         0
                text12                             FBFC     FBFC       24         0
                text11                             FBA2     FBA2       1A         0
                text10                             FF08     FF08       F8         0
                text9                              FB6A     FB6A       10         0
                text8                              FC46     FC46       28         0
                text7                              FBBC     FBBC       1E         0
                text6                              FCAE     FCAE       44         0
                text5                              FCF2     FCF2       44         0
                text4                              FC20     FC20       26         0
                text3                              FBDA     FBDA       22         0
                text2                              FD36     FD36       4A         0
                text1                              FD80     FD80       AE         0
                text0                              FE2E     FE2E       DA         0
                cinit                              FB7A     FB7A       12         0

        CLASS   CONST          

        CLASS   SMALLCONST     

        CLASS   MEDIUMCONST    

        CLASS   COMRAM         
                cstackCOMRAM                          1        1       45         1
                bssCOMRAM                            46       46       15         1

        CLASS   ABS1           

        CLASS   BIGRAM         

        CLASS   RAM            

        CLASS   BANK0          

        CLASS   BANK1          
                cstackBANK1                         100      100      100         1

        CLASS   BANK2          

        CLASS   BANK3          

        CLASS   BANK4          

        CLASS   BANK5          

        CLASS   BANK6          

        CLASS   BANK7          

        CLASS   BANK8          

        CLASS   BANK9          

        CLASS   BANK10         

        CLASS   BANK11         

        CLASS   BANK12         

        CLASS   BANK13         

        CLASS   BANK14         

        CLASS   BANK15         

        CLASS   SFR            

        CLASS   FARRAM         

        CLASS   CONFIG         
                config                           300000   300000        E         0

        CLASS   IDLOC          
                idloc                            200000   200000        8         0

        CLASS   EEDATA         



SEGMENTS        Name                           Load    Length   Top    Selector   Space  Class

                reset_vec                      000000  000004  000004         0       0  CODE    
                cstackCOMRAM                   000001  00005A  00005B         1       1  COMRAM  
                cstackBANK1                    000100  000100  000200       100       1  BANK1   
                text9                          00FB6A  000010  00FB7A      7DB5       0  CODE    
                cinit                          00FB7A  000012  00FB8C      7DBD       0  CODE    
                text13                         00FB8C  000016  00FBA2      7DC6       0  CODE    
                text11                         00FBA2  00001A  00FBBC      7DD1       0  CODE    
                text7                          00FBBC  00001E  00FBDA      7DDE       0  CODE    
                text3                          00FBDA  000022  00FBFC      7DED       0  CODE    
                text12                         00FBFC  000024  00FC20      7DFE       0  CODE    
                text4                          00FC20  000026  00FC46      7E10       0  CODE    
                text8                          00FC46  000028  00FC6E      7E23       0  CODE    
                text14                         00FC6E  000040  00FCAE      7E37       0  CODE    
                text6                          00FCAE  000044  00FCF2      7E57       0  CODE    
                text5                          00FCF2  000044  00FD36      7E79       0  CODE    
                text2                          00FD36  00004A  00FD80      7E9B       0  CODE    
                text1                          00FD80  0000AE  00FE2E      7EC0       0  CODE    
                text0                          00FE2E  0000DA  00FF08      7F17       0  CODE    
                text10                         00FF08  0000F8  010000      7F84       0  CODE    
                idloc                          200000  000008  200008    200000       0  IDLOC   
                config                         300000  00000E  30000E    300000       0  CONFIG  


UNUSED ADDRESS RANGES

        Name                Unused          Largest block    Delta
        BANK0            000060-0000FF               A0
        BANK10           000A00-000AFF              100
        BANK11           000B00-000BFF              100
        BANK12           000C00-000CFF              100
        BANK13           000D00-000DFF              100
        BANK14           000E00-000EFF              100
        BANK15           000F00-000F37               38
        BANK2            000200-0002FF              100
        BANK3            000300-0003FF              100
        BANK4            000400-0004FF              100
        BANK5            000500-0005FF              100
        BANK6            000600-0006FF              100
        BANK7            000700-0007FF              100
        BANK8            000800-0008FF              100
        BANK9            000900-0009FF              100
        BIGRAM           00005B-0000FF               A5
                         000200-000F37              D38
        CODE             000004-00FB69             FB66
        COMRAM           00005B-00005F                5
        CONST            000004-00FB69             FB66
        EEDATA           F00000-F003FF              400
        MEDIUMCONST      001000-00FB69             EB6A
        RAM              000060-0000FF               A0
                         000200-000F37              100
        SFR              000F38-000FFF               28
        SMALLCONST       001000-00FB69              100
        STACK            000200-000F37              D38

                                  Symbol Table

?_askForId                cstackCOMRAM 000001
?_sendData                cstackCOMRAM 000001
InitModule@pout           cstackCOMRAM 000008
ReadSXRegister@RegValue   cstackCOMRAM 000004
ReadSXRegister@address    cstackCOMRAM 000005
SPIReceive@data_in        cstackCOMRAM 000003
SPIReceive@data_out       cstackCOMRAM 000002
SPIReceive@dummy_byte     cstackCOMRAM 000001
SPITransfer@data_out      cstackCOMRAM 000002
SPITransfer@dummy_byte    cstackCOMRAM 000001
WriteSXRegister@address   cstackCOMRAM 000007
WriteSXRegister@data      cstackCOMRAM 000006
_ANSELBbits               (abs)        000F39
_ANSELCbits               (abs)        000F3A
_AntennaTX                text13       00FB8C
_InitModule               text10       00FF08
_InitRFLoRaPins           text9        00FB6A
_LATBbits                 (abs)        000F8A
_LATCbits                 (abs)        000F8B
_PIR3bits                 (abs)        000FA4
_ReadSXRegister           text3        00FBDA
_ResetRFModule            text8        00FC46
_SPIInit                  text7        00FBBC
_SPIReceive               text4        00FC20
_SPITransfer              text12       00FBFC
_SSP2BUF                  (abs)        000F6F
_SSP2CON1                 (abs)        000F6C
_SSP2STATbits             (abs)        000F6D
_TRISBbits                (abs)        000F93
_TRISCbits                (abs)        000F94
_WriteSXRegister          text11       00FBA2
__CFG_BOREN$SBORDIS       (abs)        000000
__CFG_BORV$190            (abs)        000000
__CFG_CCP2MX$PORTC1       (abs)        000000
__CFG_CCP3MX$PORTB5       (abs)        000000
__CFG_CP0$OFF             (abs)        000000
__CFG_CP1$OFF             (abs)        000000
__CFG_CP2$OFF             (abs)        000000
__CFG_CP3$OFF             (abs)        000000
__CFG_CPB$OFF             (abs)        000000
__CFG_CPD$OFF             (abs)        000000
__CFG_EBTR0$OFF           (abs)        000000
__CFG_EBTR1$OFF           (abs)        000000
__CFG_EBTR2$OFF           (abs)        000000
__CFG_EBTR3$OFF           (abs)        000000
__CFG_EBTRB$OFF           (abs)        000000
__CFG_FCMEN$OFF           (abs)        000000
__CFG_FOSC$INTIO7         (abs)        000000
__CFG_HFOFST$ON           (abs)        000000
__CFG_IESO$OFF            (abs)        000000
__CFG_LVP$OFF             (abs)        000000
__CFG_MCLRE$EXTMCLR       (abs)        000000
__CFG_P2BMX$PORTB5        (abs)        000000
__CFG_PBADEN$OFF          (abs)        000000
__CFG_PLLCFG$OFF          (abs)        000000
__CFG_PRICLKEN$ON         (abs)        000000
__CFG_PWRTEN$OFF          (abs)        000000
__CFG_STVREN$ON           (abs)        000000
__CFG_T3CMX$PORTC0        (abs)        000000
__CFG_WDTEN$OFF           (abs)        000000
__CFG_WDTPS$32768         (abs)        000000
__CFG_WRT0$OFF            (abs)        000000
__CFG_WRT1$OFF            (abs)        000000
__CFG_WRT2$OFF            (abs)        000000
__CFG_WRT3$OFF            (abs)        000000
__CFG_WRTB$OFF            (abs)        000000
__CFG_WRTC$OFF            (abs)        000000
__CFG_WRTD$OFF            (abs)        000000
__CFG_XINST$OFF           (abs)        000000
__HRAM                    (abs)        000000
__Habs1                   abs1         000000
__Hbank0                  bank0        000000
__Hbank1                  bank1        000000
__Hbank10                 bank10       000000
__Hbank11                 bank11       000000
__Hbank12                 bank12       000000
__Hbank13                 bank13       000000
__Hbank14                 bank14       000000
__Hbank15                 bank15       000000
__Hbank2                  bank2        000000
__Hbank3                  bank3        000000
__Hbank4                  bank4        000000
__Hbank5                  bank5        000000
__Hbank6                  bank6        000000
__Hbank7                  bank7        000000
__Hbank8                  bank8        000000
__Hbank9                  bank9        000000
__Hbigbss                 bigbss       000000
__Hbigdata                bigdata      000000
__Hbigram                 bigram       000000
__Hbss                    bss          000000
__HbssCOMRAM              bssCOMRAM    000000
__Hcinit                  cinit        000000
__Hclrtext                clrtext      000000
__Hcomram                 comram       000000
__Hconfig                 config       30000E
__Hconst                  const        000000
__HcstackBANK1            cstackBANK1  000000
__HcstackCOMRAM           cstackCOMRAM 000000
__Hdata                   data         000000
__Heeprom_data            eeprom_data  000000
__Hfarbss                 farbss       000000
__Hfardata                fardata      000000
__Hibigdata               ibigdata     000000
__Hidata                  idata        000000
__Hidloc                  idloc        200008
__Hifardata               ifardata     000000
__Hinit                   init         000004
__Hintcode                intcode      000000
__Hintcode_body           intcode_body 000000
__Hintcodelo              intcodelo    000000
__Hintentry               intentry     000000
__Hintret                 intret       000000
__Hintsave_regs           intsave_regs 000000
__Hirdata                 irdata       000000
__Hmediumconst            mediumconst  000000
__HnvFARRAM               nvFARRAM     000000
__Hnvbit                  nvbit        000000
__Hnvrram                 nvrram       000000
__Hparam                  rparam       000000
__Hpowerup                powerup      000000
__Hram                    ram          000000
__Hramtop                 ramtop       001000
__Hrbit                   rbit         000000
__Hrbss                   rbss         000000
__Hrdata                  rdata        000000
__Hreset_vec              reset_vec    000000
__Hrparam                 rparam       000000
__Hsfr                    sfr          000000
__Hsmallconst             smallconst   000000
__Hspace_0                (abs)        30000E
__Hspace_1                (abs)        000200
__Hspace_2                (abs)        000000
__Hstack                  stack        000000
__Hstruct                 struct       000000
__Htemp                   temp         000000
__Htext                   text         000000
__Htext0                  text0        000000
__Htext1                  text1        000000
__Htext10                 text10       000000
__Htext11                 text11       000000
__Htext12                 text12       000000
__Htext13                 text13       000000
__Htext14                 text14       000000
__Htext2                  text2        000000
__Htext3                  text3        000000
__Htext4                  text4        000000
__Htext5                  text5        000000
__Htext6                  text6        000000
__Htext7                  text7        000000
__Htext8                  text8        000000
__Htext9                  text9        000000
__LRAM                    (abs)        000001
__Labs1                   abs1         000000
__Lbank0                  bank0        000000
__Lbank1                  bank1        000000
__Lbank10                 bank10       000000
__Lbank11                 bank11       000000
__Lbank12                 bank12       000000
__Lbank13                 bank13       000000
__Lbank14                 bank14       000000
__Lbank15                 bank15       000000
__Lbank2                  bank2        000000
__Lbank3                  bank3        000000
__Lbank4                  bank4        000000
__Lbank5                  bank5        000000
__Lbank6                  bank6        000000
__Lbank7                  bank7        000000
__Lbank8                  bank8        000000
__Lbank9                  bank9        000000
__Lbigbss                 bigbss       000000
__Lbigdata                bigdata      000000
__Lbigram                 bigram       000000
__Lbss                    bss          000000
__LbssCOMRAM              bssCOMRAM    000000
__Lcinit                  cinit        000000
__Lclrtext                clrtext      000000
__Lcomram                 comram       000000
__Lconfig                 config       300000
__Lconst                  const        000000
__LcstackBANK1            cstackBANK1  000000
__LcstackCOMRAM           cstackCOMRAM 000000
__Ldata                   data         000000
__Leeprom_data            eeprom_data  000000
__Lfarbss                 farbss       000000
__Lfardata                fardata      000000
__Libigdata               ibigdata     000000
__Lidata                  idata        000000
__Lidloc                  idloc        200000
__Lifardata               ifardata     000000
__Linit                   init         000000
__Lintcode                intcode      000000
__Lintcode_body           intcode_body 000000
__Lintcodelo              intcodelo    000000
__Lintentry               intentry     000000
__Lintret                 intret       000000
__Lintsave_regs           intsave_regs 000000
__Lirdata                 irdata       000000
__Lmediumconst            mediumconst  000000
__LnvFARRAM               nvFARRAM     000000
__Lnvbit                  nvbit        000000
__Lnvrram                 nvrram       000000
__Lparam                  rparam       000000
__Lpowerup                powerup      000000
__Lram                    ram          000000
__Lramtop                 ramtop       001000
__Lrbit                   rbit         000000
__Lrbss                   rbss         000000
__Lrdata                  rdata        000000
__Lreset_vec              reset_vec    000000
__Lrparam                 rparam       000000
__Lsfr                    sfr          000000
__Lsmallconst             smallconst   000000
__Lspace_0                (abs)        000000
__Lspace_1                (abs)        000000
__Lspace_2                (abs)        000000
__Lstack                  stack        000000
__Lstruct                 struct       000000
__Ltemp                   temp         000000
__Ltext                   text         000000
__Ltext0                  text0        000000
__Ltext1                  text1        000000
__Ltext10                 text10       000000
__Ltext11                 text11       000000
__Ltext12                 text12       000000
__Ltext13                 text13       000000
__Ltext14                 text14       000000
__Ltext2                  text2        000000
__Ltext3                  text3        000000
__Ltext4                  text4        000000
__Ltext5                  text5        000000
__Ltext6                  text6        000000
__Ltext7                  text7        000000
__Ltext8                  text8        000000
__Ltext9                  text9        000000
__S0                      (abs)        30000E
__S1                      (abs)        000200
__S2                      (abs)        000000
___inthi_sp               stack        000000
___intlo_sp               stack        000000
___param_bank             (abs)        000000
___rparam_used            (abs)        000001
___sp                     stack        000000
__accesstop               (abs)        000060
__activetblptr            (abs)        000000
__end_of_AntennaTX        text13       00FBA2
__end_of_InitModule       text10       010000
__end_of_InitRFLoRaPins   text9        00FB7A
__end_of_ReadSXRegister   text3        00FBFC
__end_of_ResetRFModule    text8        00FC6E
__end_of_SPIInit          text7        00FBDA
__end_of_SPIReceive       text4        00FC46
__end_of_SPITransfer      text12       00FC20
__end_of_WriteSXRegister  text11       00FBBC
__end_of__initialization  cinit        00FB86
__end_of_askForId         text14       00FCAE
__end_of_initLoRaTx       text6        00FCF2
__end_of_main             text0        00FF08
__end_of_sendData         text5        00FD36
__end_of_sendLoRaData     text1        00FE2E
__end_of_strcpy           text2        00FD80
__initialization          cinit        00FB7A
__mediumconst             mediumconst  000000
__pbssCOMRAM              bssCOMRAM    000046
__pcinit                  cinit        00FB7A
__pcstackBANK1            cstackBANK1  000100
__pcstackCOMRAM           cstackCOMRAM 000001
__ptext0                  text0        00FE2E
__ptext1                  text1        00FD80
__ptext10                 text10       00FF08
__ptext11                 text11       00FBA2
__ptext12                 text12       00FBFC
__ptext13                 text13       00FB8C
__ptext14                 text14       00FC6E
__ptext2                  text2        00FD36
__ptext3                  text3        00FBDA
__ptext4                  text4        00FC20
__ptext5                  text5        00FCF2
__ptext6                  text6        00FCAE
__ptext7                  text7        00FBBC
__ptext8                  text8        00FC46
__ptext9                  text9        00FB6A
__ramtop                  ramtop       001000
__size_of_AntennaTX       (abs)        000000
__size_of_InitModule      (abs)        000000
__size_of_InitRFLoRaPins  (abs)        000000
__size_of_ReadSXRegister  (abs)        000000
__size_of_ResetRFModule   (abs)        000000
__size_of_SPIInit         (abs)        000000
__size_of_SPIReceive      (abs)        000000
__size_of_SPITransfer     (abs)        000000
__size_of_WriteSXRegister (abs)        000000
__size_of_askForId        (abs)        000000
__size_of_initLoRaTx      (abs)        000000
__size_of_main            (abs)        000000
__size_of_sendData        (abs)        000000
__size_of_sendLoRaData    (abs)        000000
__size_of_strcpy          (abs)        000000
__smallconst              smallconst   000000
_askForId                 text14       00FC6E
_initLoRaTx               text6        00FCAE
_main                     text0        00FE2E
_sendData                 text5        00FCF2
_sendLoRaData             text1        00FD80
_strcpy                   text2        00FD36
askForId@ds               cstackCOMRAM 00000B
end_of_initialization     cinit        00FB86
intlevel0                 text         000000
intlevel1                 text         000000
intlevel2                 text         000000
intlevel3                 text         000000
main@F6301                bssCOMRAM    000051
main@F6304                bssCOMRAM    000046
main@ds                   cstackCOMRAM 000031
main@ss                   cstackCOMRAM 00003B
main@txMsg                cstackCOMRAM 000027
main@txMsg1               cstackCOMRAM 00001C
sendData@battery          cstackCOMRAM 000006
sendData@data             cstackCOMRAM 000004
sendData@id               cstackCOMRAM 000001
sendData@messageNumber    cstackCOMRAM 000003
sendData@ss               cstackCOMRAM 00000C
sendLoRaData@data         cstackCOMRAM 000009
sendLoRaData@i            cstackCOMRAM 00000C
sendLoRaData@txBuffer     cstackBANK1  000100
stackhi                   (abs)        000F37
stacklo                   (abs)        000200
start                     init         000000
start_initialization      cinit        00FB7A
strcpy@d                  cstackCOMRAM 000007
strcpy@dest               cstackCOMRAM 000001
strcpy@s                  cstackCOMRAM 000005
strcpy@src                cstackCOMRAM 000003


FUNCTION INFORMATION:

 *************** function _main *****************
 Defined at:
		line 84 in file "TX_LoRa.c"
 Parameters:    Size  Location     Type
  argc            2   22[COMRAM] int 
  argv            3   24[COMRAM] PTR PTR unsigned char 
 Auto vars:     Size  Location     Type
  txMsg1         11   27[COMRAM] unsigned char [11]
  ss             11   58[COMRAM] struct .
  txMsg          10   38[COMRAM] unsigned char [10]
  ds             10   48[COMRAM] struct .
 Return value:  Size  Location     Type
                  2   22[COMRAM] int 
 Registers used:
		wreg, fsr0l, fsr0h, fsr1l, fsr1h, fsr2l, fsr2h, status,2, status,0, prodl, prodh, cstack
 Tracked objects:
		On entry : 
		On exit  : 
		Unchanged: 
 Data sizes:     COMRAM   BANK0   BANK1   BANK2   BANK3   BANK4   BANK5   BANK6   BANK7   BANK8   BANK9  BANK10  BANK11  BANK12  BANK13  BANK14  BANK15
      Params:         5       0       0       0       0       0       0       0       0       0       0       0       0       0       0       0       0
      Locals:        42       0       0       0       0       0       0       0       0       0       0       0       0       0       0       0       0
      Temps:          0       0       0       0       0       0       0       0       0       0       0       0       0       0       0       0       0
      Totals:        47       0       0       0       0       0       0       0       0       0       0       0       0       0       0       0       0
Total ram usage:       47 bytes
 Hardware stack levels required when called:    4
 This function calls:
		_askForId
		_initLoRaTx
		_sendData
		_sendLoRaData
 This function is called by:
		Startup code after reset
 This function uses a non-reentrant model


 *************** function _sendLoRaData *****************
 Defined at:
		line 28 in file "commLora.c"
 Parameters:    Size  Location     Type
  data            2    8[COMRAM] PTR unsigned char 
		 -> main@txMsg1(11), main@txMsg(10), 
 Auto vars:     Size  Location     Type
  i               1   11[COMRAM] unsigned char 
  txBuffer      256    0[BANK1 ] unsigned char [256]
 Return value:  Size  Location     Type
                  1    wreg      void 
 Registers used:
		wreg, fsr1l, fsr1h, fsr2l, fsr2h, status,2, status,0, prodl, prodh, cstack
 Tracked objects:
		On entry : 
		On exit  : 
		Unchanged: 
 Data sizes:     COMRAM   BANK0   BANK1   BANK2   BANK3   BANK4   BANK5   BANK6   BANK7   BANK8   BANK9  BANK10  BANK11  BANK12  BANK13  BANK14  BANK15
      Params:         2       0       0       0       0       0       0       0       0       0       0       0       0       0       0       0       0
      Locals:         1       0     256       0       0       0       0       0       0       0       0       0       0       0       0       0       0
      Temps:          1       0       0       0       0       0       0       0       0       0       0       0       0       0       0       0       0
      Totals:         4       0     256       0       0       0       0       0       0       0       0       0       0       0       0       0       0
Total ram usage:      260 bytes
 Hardware stack levels used:    1
 Hardware stack levels required when called:    2
 This function calls:
		_ReadSXRegister
		_WriteSXRegister
		_strcpy
 This function is called by:
		_main
 This function uses a non-reentrant model


 *************** function _strcpy *****************
 Defined at:
		line 7 in file "/opt/microchip/xc8/v2.00/pic/sources/c99/common/strcpy.c"
 Parameters:    Size  Location     Type
  dest            2    0[COMRAM] PTR unsigned char 
		 -> sendLoRaData@txBuffer(256), 
  src             2    2[COMRAM] PTR const unsigned char 
		 -> main@txMsg1(11), main@txMsg(10), 
 Auto vars:     Size  Location     Type
  d               2    6[COMRAM] PTR unsigned char 
		 -> sendLoRaData@txBuffer(256), 
  s               2    4[COMRAM] PTR const unsigned char 
		 -> main@txMsg1(11), main@txMsg(10), 
 Return value:  Size  Location     Type
                  2    0[COMRAM] PTR unsigned char 
 Registers used:
		wreg, fsr1l, fsr1h, fsr2l, fsr2h, status,2, status,0
 Tracked objects:
		On entry : 
		On exit  : 
		Unchanged: 
 Data sizes:     COMRAM   BANK0   BANK1   BANK2   BANK3   BANK4   BANK5   BANK6   BANK7   BANK8   BANK9  BANK10  BANK11  BANK12  BANK13  BANK14  BANK15
      Params:         4       0       0       0       0       0       0       0       0       0       0       0       0       0       0       0       0
      Locals:         4       0       0       0       0       0       0       0       0       0       0       0       0       0       0       0       0
      Temps:          0       0       0       0       0       0       0       0       0       0       0       0       0       0       0       0       0
      Totals:         8       0       0       0       0       0       0       0       0       0       0       0       0       0       0       0       0
Total ram usage:        8 bytes
 Hardware stack levels used:    1
 This function calls:
		Nothing
 This function is called by:
		_sendLoRaData
 This function uses a non-reentrant model


 *************** function _ReadSXRegister *****************
 Defined at:
		line 28 in file "SX1272.c"
 Parameters:    Size  Location     Type
  address         1    wreg     unsigned char 
 Auto vars:     Size  Location     Type
  address         1    4[COMRAM] unsigned char 
  RegValue        1    3[COMRAM] unsigned char 
 Return value:  Size  Location     Type
                  1    wreg      unsigned char 
 Registers used:
		wreg, status,2, status,0, cstack
 Tracked objects:
		On entry : 
		On exit  : 
		Unchanged: 
 Data sizes:     COMRAM   BANK0   BANK1   BANK2   BANK3   BANK4   BANK5   BANK6   BANK7   BANK8   BANK9  BANK10  BANK11  BANK12  BANK13  BANK14  BANK15
      Params:         0       0       0       0       0       0       0       0       0       0       0       0       0       0       0       0       0
      Locals:         2       0       0       0       0       0       0       0       0       0       0       0       0       0       0       0       0
      Temps:          0       0       0       0       0       0       0       0       0       0       0       0       0       0       0       0       0
      Totals:         2       0       0       0       0       0       0       0       0       0       0       0       0       0       0       0       0
Total ram usage:        2 bytes
 Hardware stack levels used:    1
 Hardware stack levels required when called:    1
 This function calls:
		_SPIReceive
		_SPITransfer
 This function is called by:
		_sendLoRaData
 This function uses a non-reentrant model


 *************** function _SPIReceive *****************
 Defined at:
		line 47 in file "spi.c"
 Parameters:    Size  Location     Type
  data_out        1    wreg     unsigned char 
 Auto vars:     Size  Location     Type
  data_out        1    1[COMRAM] unsigned char 
  data_in         1    2[COMRAM] unsigned char 
  dummy_byte      1    0[COMRAM] unsigned char 
 Return value:  Size  Location     Type
                  1    wreg      unsigned char 
 Registers used:
		wreg, status,2
 Tracked objects:
		On entry : 
		On exit  : 
		Unchanged: 
 Data sizes:     COMRAM   BANK0   BANK1   BANK2   BANK3   BANK4   BANK5   BANK6   BANK7   BANK8   BANK9  BANK10  BANK11  BANK12  BANK13  BANK14  BANK15
      Params:         0       0       0       0       0       0       0       0       0       0       0       0       0       0       0       0       0
      Locals:         3       0       0       0       0       0       0       0       0       0       0       0       0       0       0       0       0
      Temps:          0       0       0       0       0       0       0       0       0       0       0       0       0       0       0       0       0
      Totals:         3       0       0       0       0       0       0       0       0       0       0       0       0       0       0       0       0
Total ram usage:        3 bytes
 Hardware stack levels used:    1
 This function calls:
		Nothing
 This function is called by:
		_ReadSXRegister
 This function uses a non-reentrant model


 *************** function _sendData *****************
 Defined at:
		line 52 in file "messageParser.c"
 Parameters:    Size  Location     Type
  id              2    0[COMRAM] unsigned int 
  messageNumbe    1    2[COMRAM] unsigned char 
  data            2    3[COMRAM] unsigned int 
  battery         1    5[COMRAM] unsigned char 
 Auto vars:     Size  Location     Type
  ss             11   11[COMRAM] struct .
 Return value:  Size  Location     Type
                  11    0[COMRAM] struct .
 Registers used:
		wreg, fsr0l, fsr0h, fsr2l, fsr2h, status,2, status,0
 Tracked objects:
		On entry : 
		On exit  : 
		Unchanged: 
 Data sizes:     COMRAM   BANK0   BANK1   BANK2   BANK3   BANK4   BANK5   BANK6   BANK7   BANK8   BANK9  BANK10  BANK11  BANK12  BANK13  BANK14  BANK15
      Params:        11       0       0       0       0       0       0       0       0       0       0       0       0       0       0       0       0
      Locals:        11       0       0       0       0       0       0       0       0       0       0       0       0       0       0       0       0
      Temps:          0       0       0       0       0       0       0       0       0       0       0       0       0       0       0       0       0
      Totals:        22       0       0       0       0       0       0       0       0       0       0       0       0       0       0       0       0
Total ram usage:       22 bytes
 Hardware stack levels used:    1
 This function calls:
		Nothing
 This function is called by:
		_main
 This function uses a non-reentrant model


 *************** function _initLoRaTx *****************
 Defined at:
		line 13 in file "commLora.c"
 Parameters:    Size  Location     Type
		None
 Auto vars:     Size  Location     Type
		None
 Return value:  Size  Location     Type
                  1    wreg      void 
 Registers used:
		wreg, status,2, status,0, cstack
 Tracked objects:
		On entry : 
		On exit  : 
		Unchanged: 
 Data sizes:     COMRAM   BANK0   BANK1   BANK2   BANK3   BANK4   BANK5   BANK6   BANK7   BANK8   BANK9  BANK10  BANK11  BANK12  BANK13  BANK14  BANK15
      Params:         0       0       0       0       0       0       0       0       0       0       0       0       0       0       0       0       0
      Locals:         0       0       0       0       0       0       0       0       0       0       0       0       0       0       0       0       0
      Temps:          1       0       0       0       0       0       0       0       0       0       0       0       0       0       0       0       0
      Totals:         1       0       0       0       0       0       0       0       0       0       0       0       0       0       0       0       0
Total ram usage:        1 bytes
 Hardware stack levels used:    1
 Hardware stack levels required when called:    3
 This function calls:
		_AntennaTX
		_InitModule
		_InitRFLoRaPins
		_ResetRFModule
		_SPIInit
		_WriteSXRegister
 This function is called by:
		_main
 This function uses a non-reentrant model


 *************** function _SPIInit *****************
 Defined at:
		line 16 in file "spi.c"
 Parameters:    Size  Location     Type
		None
 Auto vars:     Size  Location     Type
		None
 Return value:  Size  Location     Type
                  1    wreg      void 
 Registers used:
		wreg, status,2
 Tracked objects:
		On entry : 
		On exit  : 
		Unchanged: 
 Data sizes:     COMRAM   BANK0   BANK1   BANK2   BANK3   BANK4   BANK5   BANK6   BANK7   BANK8   BANK9  BANK10  BANK11  BANK12  BANK13  BANK14  BANK15
      Params:         0       0       0       0       0       0       0       0       0       0       0       0       0       0       0       0       0
      Locals:         0       0       0       0       0       0       0       0       0       0       0       0       0       0       0       0       0
      Temps:          0       0       0       0       0       0       0       0       0       0       0       0       0       0       0       0       0
      Totals:         0       0       0       0       0       0       0       0       0       0       0       0       0       0       0       0       0
Total ram usage:        0 bytes
 Hardware stack levels used:    1
 This function calls:
		Nothing
 This function is called by:
		_initLoRaTx
 This function uses a non-reentrant model


 *************** function _ResetRFModule *****************
 Defined at:
		line 27 in file "RF_LoRa_868_SO.c"
 Parameters:    Size  Location     Type
		None
 Auto vars:     Size  Location     Type
		None
 Return value:  Size  Location     Type
                  1    wreg      void 
 Registers used:
		wreg
 Tracked objects:
		On entry : 
		On exit  : 
		Unchanged: 
 Data sizes:     COMRAM   BANK0   BANK1   BANK2   BANK3   BANK4   BANK5   BANK6   BANK7   BANK8   BANK9  BANK10  BANK11  BANK12  BANK13  BANK14  BANK15
      Params:         0       0       0       0       0       0       0       0       0       0       0       0       0       0       0       0       0
      Locals:         0       0       0       0       0       0       0       0       0       0       0       0       0       0       0       0       0
      Temps:          1       0       0       0       0       0       0       0       0       0       0       0       0       0       0       0       0
      Totals:         1       0       0       0       0       0       0       0       0       0       0       0       0       0       0       0       0
Total ram usage:        1 bytes
 Hardware stack levels used:    1
 This function calls:
		Nothing
 This function is called by:
		_initLoRaTx
 This function uses a non-reentrant model


 *************** function _InitRFLoRaPins *****************
 Defined at:
		line 18 in file "RF_LoRa_868_SO.c"
 Parameters:    Size  Location     Type
		None
 Auto vars:     Size  Location     Type
		None
 Return value:  Size  Location     Type
                  1    wreg      void 
 Registers used:
		None
 Tracked objects:
		On entry : 
		On exit  : 
		Unchanged: 
 Data sizes:     COMRAM   BANK0   BANK1   BANK2   BANK3   BANK4   BANK5   BANK6   BANK7   BANK8   BANK9  BANK10  BANK11  BANK12  BANK13  BANK14  BANK15
      Params:         0       0       0       0       0       0       0       0       0       0       0       0       0       0       0       0       0
      Locals:         0       0       0       0       0       0       0       0       0       0       0       0       0       0       0       0       0
      Temps:          0       0       0       0       0       0       0       0       0       0       0       0       0       0       0       0       0
      Totals:         0       0       0       0       0       0       0       0       0       0       0       0       0       0       0       0       0
Total ram usage:        0 bytes
 Hardware stack levels used:    1
 This function calls:
		Nothing
 This function is called by:
		_initLoRaTx
 This function uses a non-reentrant model


 *************** function _InitModule *****************
 Defined at:
		line 39 in file "SX1272.c"
 Parameters:    Size  Location     Type
		None
 Auto vars:     Size  Location     Type
  pout            1    7[COMRAM] unsigned char 
 Return value:  Size  Location     Type
                  1    wreg      void 
 Registers used:
		wreg, status,2, status,0, cstack
 Tracked objects:
		On entry : 
		On exit  : 
		Unchanged: 
 Data sizes:     COMRAM   BANK0   BANK1   BANK2   BANK3   BANK4   BANK5   BANK6   BANK7   BANK8   BANK9  BANK10  BANK11  BANK12  BANK13  BANK14  BANK15
      Params:         0       0       0       0       0       0       0       0       0       0       0       0       0       0       0       0       0
      Locals:         1       0       0       0       0       0       0       0       0       0       0       0       0       0       0       0       0
      Temps:          0       0       0       0       0       0       0       0       0       0       0       0       0       0       0       0       0
      Totals:         1       0       0       0       0       0       0       0       0       0       0       0       0       0       0       0       0
Total ram usage:        1 bytes
 Hardware stack levels used:    1
 Hardware stack levels required when called:    2
 This function calls:
		_WriteSXRegister
 This function is called by:
		_initLoRaTx
 This function uses a non-reentrant model


 *************** function _WriteSXRegister *****************
 Defined at:
		line 18 in file "SX1272.c"
 Parameters:    Size  Location     Type
  address         1    wreg     unsigned char 
  data            1    5[COMRAM] unsigned char 
 Auto vars:     Size  Location     Type
  address         1    6[COMRAM] unsigned char 
 Return value:  Size  Location     Type
                  1    wreg      void 
 Registers used:
		wreg, status,2, status,0, cstack
 Tracked objects:
		On entry : 
		On exit  : 
		Unchanged: 
 Data sizes:     COMRAM   BANK0   BANK1   BANK2   BANK3   BANK4   BANK5   BANK6   BANK7   BANK8   BANK9  BANK10  BANK11  BANK12  BANK13  BANK14  BANK15
      Params:         1       0       0       0       0       0       0       0       0       0       0       0       0       0       0       0       0
      Locals:         1       0       0       0       0       0       0       0       0       0       0       0       0       0       0       0       0
      Temps:          0       0       0       0       0       0       0       0       0       0       0       0       0       0       0       0       0
      Totals:         2       0       0       0       0       0       0       0       0       0       0       0       0       0       0       0       0
Total ram usage:        2 bytes
 Hardware stack levels used:    1
 Hardware stack levels required when called:    1
 This function calls:
		_SPITransfer
 This function is called by:
		_InitModule
		_initLoRaTx
		_sendLoRaData
 This function uses a non-reentrant model


 *************** function _SPITransfer *****************
 Defined at:
		line 38 in file "spi.c"
 Parameters:    Size  Location     Type
  data_out        1    wreg     unsigned char 
 Auto vars:     Size  Location     Type
  data_out        1    1[COMRAM] unsigned char 
  dummy_byte      1    0[COMRAM] unsigned char 
 Return value:  Size  Location     Type
                  1    wreg      void 
 Registers used:
		wreg
 Tracked objects:
		On entry : 
		On exit  : 
		Unchanged: 
 Data sizes:     COMRAM   BANK0   BANK1   BANK2   BANK3   BANK4   BANK5   BANK6   BANK7   BANK8   BANK9  BANK10  BANK11  BANK12  BANK13  BANK14  BANK15
      Params:         0       0       0       0       0       0       0       0       0       0       0       0       0       0       0       0       0
      Locals:         2       0       0       0       0       0       0       0       0       0       0       0       0       0       0       0       0
      Temps:          0       0       0       0       0       0       0       0       0       0       0       0       0       0       0       0       0
      Totals:         2       0       0       0       0       0       0       0       0       0       0       0       0       0       0       0       0
Total ram usage:        2 bytes
 Hardware stack levels used:    1
 This function calls:
		Nothing
 This function is called by:
		_WriteSXRegister
		_ReadSXRegister
 This function uses a non-reentrant model


 *************** function _AntennaTX *****************
 Defined at:
		line 35 in file "RF_LoRa_868_SO.c"
 Parameters:    Size  Location     Type
		None
 Auto vars:     Size  Location     Type
		None
 Return value:  Size  Location     Type
                  1    wreg      void 
 Registers used:
		wreg
 Tracked objects:
		On entry : 
		On exit  : 
		Unchanged: 
 Data sizes:     COMRAM   BANK0   BANK1   BANK2   BANK3   BANK4   BANK5   BANK6   BANK7   BANK8   BANK9  BANK10  BANK11  BANK12  BANK13  BANK14  BANK15
      Params:         0       0       0       0       0       0       0       0       0       0       0       0       0       0       0       0       0
      Locals:         0       0       0       0       0       0       0       0       0       0       0       0       0       0       0       0       0
      Temps:          1       0       0       0       0       0       0       0       0       0       0       0       0       0       0       0       0
      Totals:         1       0       0       0       0       0       0       0       0       0       0       0       0       0       0       0       0
Total ram usage:        1 bytes
 Hardware stack levels used:    1
 This function calls:
		Nothing
 This function is called by:
		_initLoRaTx
 This function uses a non-reentrant model


 *************** function _askForId *****************
 Defined at:
		line 6 in file "messageParser.c"
 Parameters:    Size  Location     Type
		None
 Auto vars:     Size  Location     Type
  ds             10   10[COMRAM] struct .
 Return value:  Size  Location     Type
                  10    0[COMRAM] struct .
 Registers used:
		wreg, fsr0l, fsr0h, fsr2l, fsr2h, status,2, status,0
 Tracked objects:
		On entry : 
		On exit  : 
		Unchanged: 
 Data sizes:     COMRAM   BANK0   BANK1   BANK2   BANK3   BANK4   BANK5   BANK6   BANK7   BANK8   BANK9  BANK10  BANK11  BANK12  BANK13  BANK14  BANK15
      Params:        10       0       0       0       0       0       0       0       0       0       0       0       0       0       0       0       0
      Locals:        10       0       0       0       0       0       0       0       0       0       0       0       0       0       0       0       0
      Temps:          0       0       0       0       0       0       0       0       0       0       0       0       0       0       0       0       0
      Totals:        20       0       0       0       0       0       0       0       0       0       0       0       0       0       0       0       0
Total ram usage:       20 bytes
 Hardware stack levels used:    1
 This function calls:
		Nothing
 This function is called by:
		_main
 This function uses a non-reentrant model



MODULE INFORMATION

Module		Function		Class		Link	Load	Size
commLora.c
		_sendLoRaData  		CODE           	FD80	0000	175
		_initLoRaTx    		CODE           	FCAE	0000	69

commLora.c estimated size: 244

messageParser.c
		_sendData      		CODE           	FCF2	0000	69
		_askForId      		CODE           	FC6E	0000	65

messageParser.c estimated size: 134

SX1272.c
		_ReadSXRegister		CODE           	FBDA	0000	35
		_InitModule    		CODE           	FF08	0000	249
		_WriteSXRegister		CODE           	FBA2	0000	27

SX1272.c estimated size: 311

spi.c
		_SPITransfer   		CODE           	FBFC	0000	37
		_SPIReceive    		CODE           	FC20	0000	39
		_SPIInit       		CODE           	FBBC	0000	31

spi.c estimated size: 107

shared
		__initialization		CODE           	FB7A	0000	13

shared estimated size: 13

RF_LoRa_868_SO.c
		_ResetRFModule 		CODE           	FC46	0000	41
		_AntennaTX     		CODE           	FB8C	0000	23
		_InitRFLoRaPins		CODE           	FB6A	0000	17

RF_LoRa_868_SO.c estimated size: 81

/opt/microchip/xc8/v2.00/pic/sources/c99/common/strcpy.c
		_strcpy        		CODE           	FD36	0000	75

/opt/microchip/xc8/v2.00/pic/sources/c99/common/strcpy.c estimated size: 75

TX_LoRa.c
		_main          		CODE           	FE2E	0000	219

TX_LoRa.c estimated size: 219

